Archive member included to satisfy reference by file (symbol)

../Middlewares/ST/AI/Lib/NetworkRuntime1020_CM4_GCC.a(ai_platform.o)
                              ./X-CUBE-AI/App/network.o (ai_buffer_array_item_set_address)
../Middlewares/ST/AI/Lib/NetworkRuntime1020_CM4_GCC.a(ai_platform_interface.o)
                              ./X-CUBE-AI/App/network.o (ai_platform_get_weights_map)
../Middlewares/ST/AI/Lib/NetworkRuntime1020_CM4_GCC.a(core_common.o)
                              ../Middlewares/ST/AI/Lib/NetworkRuntime1020_CM4_GCC.a(ai_platform_interface.o) (core_init)
../Middlewares/ST/AI/Lib/NetworkRuntime1020_CM4_GCC.a(core_mem_manager.o)
                              ../Middlewares/ST/AI/Lib/NetworkRuntime1020_CM4_GCC.a(ai_platform_interface.o) (core_mem_alloc)
../Middlewares/ST/AI/Lib/NetworkRuntime1020_CM4_GCC.a(layers.o)
                              ../Middlewares/ST/AI/Lib/NetworkRuntime1020_CM4_GCC.a(ai_platform_interface.o) (ai_check_custom_types)
../Middlewares/ST/AI/Lib/NetworkRuntime1020_CM4_GCC.a(layers_conv2d_generic_float.o)
                              ./X-CUBE-AI/App/network.o (forward_conv2d_if32of32wf32)
../Middlewares/ST/AI/Lib/NetworkRuntime1020_CM4_GCC.a(layers_nl_generic_float.o)
                              ./X-CUBE-AI/App/network.o (forward_sm)
../Middlewares/ST/AI/Lib/NetworkRuntime1020_CM4_GCC.a(layers_pool_generic_float.o)
                              ./X-CUBE-AI/App/network.o (forward_mp)
../Middlewares/ST/AI/Lib/NetworkRuntime1020_CM4_GCC.a(layers_conv2d_integer_scratch.o)
                              ../Middlewares/ST/AI/Lib/NetworkRuntime1020_CM4_GCC.a(layers.o) (get_dense_scratch_size_s8)
../Middlewares/ST/AI/Lib/NetworkRuntime1020_CM4_GCC.a(forward_lite_conv2d_if32of32wf32.o)
                              ../Middlewares/ST/AI/Lib/NetworkRuntime1020_CM4_GCC.a(layers_conv2d_generic_float.o) (forward_lite_conv2d_if32of32wf32)
../Middlewares/ST/AI/Lib/NetworkRuntime1020_CM4_GCC.a(lite_nl_softmax_if32of32.o)
                              ../Middlewares/ST/AI/Lib/NetworkRuntime1020_CM4_GCC.a(layers_nl_generic_float.o) (forward_lite_nl_softmax_if32of32_kernel)
../Middlewares/ST/AI/Lib/NetworkRuntime1020_CM4_GCC.a(lite_nl_relu_if32of32.o)
                              ../Middlewares/ST/AI/Lib/NetworkRuntime1020_CM4_GCC.a(layers_nl_generic_float.o) (forward_lite_nl_prelu_if32of32_kernel)
../Middlewares/ST/AI/Lib/NetworkRuntime1020_CM4_GCC.a(lite_dense_if32.o)
                              ../Middlewares/ST/AI/Lib/NetworkRuntime1020_CM4_GCC.a(layers_conv2d_generic_float.o) (lite_decompress_ilutof32)
../Middlewares/ST/AI/Lib/NetworkRuntime1020_CM4_GCC.a(lite_nl_generic_float.o)
                              ../Middlewares/ST/AI/Lib/NetworkRuntime1020_CM4_GCC.a(layers_nl_generic_float.o) (forward_lite_nl_softmax_if32of32)
../Middlewares/ST/AI/Lib/NetworkRuntime1020_CM4_GCC.a(st_int8_fill.o)
                              ../Middlewares/ST/AI/Lib/NetworkRuntime1020_CM4_GCC.a(ai_platform_interface.o) (st_int8_copy)
../Middlewares/ST/AI/Lib/NetworkRuntime1020_CM4_GCC.a(ai_math_helpers.o)
                              ../Middlewares/ST/AI/Lib/NetworkRuntime1020_CM4_GCC.a(layers_nl_generic_float.o) (ai_math_sqrt)
../Middlewares/ST/AI/Lib/NetworkRuntime1020_CM4_GCC.a(ai_datatypes_format.o)
                              ../Middlewares/ST/AI/Lib/NetworkRuntime1020_CM4_GCC.a(ai_platform_interface.o) (ai_array_to_buffer_fmt)
../Middlewares/ST/AI/Lib/NetworkRuntime1020_CM4_GCC.a(ai_datatypes_internal.o)
                              ../Middlewares/ST/AI/Lib/NetworkRuntime1020_CM4_GCC.a(ai_platform_interface.o) (ai_version_get)
../Middlewares/ST/AI/Lib/NetworkRuntime1020_CM4_GCC.a(ai_math_elementwise_mul_int8.o)
                              ../Middlewares/ST/AI/Lib/NetworkRuntime1020_CM4_GCC.a(ai_math_helpers.o) (ai_math_elementwise_mul_int8)
../Middlewares/ST/AI/Lib/NetworkRuntime1020_CM4_GCC.a(ai_math_elementwise_sum_int8.o)
                              ../Middlewares/ST/AI/Lib/NetworkRuntime1020_CM4_GCC.a(ai_math_helpers.o) (ai_math_elementwise_sum_int8)
../Middlewares/ST/AI/Lib/NetworkRuntime1020_CM4_GCC.a(st_align_factor.o)
                              ../Middlewares/ST/AI/Lib/NetworkRuntime1020_CM4_GCC.a(ai_math_helpers.o) (align_factor)
/opt/st/stm32cubeide_1.19.0/plugins/com.st.stm32cube.ide.mcu.externaltools.gnu-tools-for-stm32.13.3.rel1.linux64_1.0.0.202410170706/tools/bin/../lib/gcc/arm-none-eabi/13.3.1/../../../../arm-none-eabi/lib/thumb/v7e-m+fp/hard/libc_nano.a(libc_a-exit.o)
                              /opt/st/stm32cubeide_1.19.0/plugins/com.st.stm32cube.ide.mcu.externaltools.gnu-tools-for-stm32.13.3.rel1.linux64_1.0.0.202410170706/tools/bin/../lib/gcc/arm-none-eabi/13.3.1/../../../../arm-none-eabi/lib/thumb/v7e-m+fp/hard/crt0.o (exit)
[...]
Memory Configuration

Name             Origin             Length             Attributes
RAM              0x20000000         0x00018000         xrw
RAM2             0x10000000         0x00008000         xrw
FLASH            0x08000000         0x00100000         xr
*default*        0x00000000         0xffffffff

Linker script and memory map

LOAD /opt/st/stm32cubeide_1.19.0/plugins/com.st.stm32cube.ide.mcu.externaltools.gnu-tools-for-stm32.13.3.rel1.linux64_1.0.0.202410170706/tools/bin/../lib/gcc/arm-none-eabi/13.3.1/thumb/v7e-m+fp/hard/crti.o
LOAD /opt/st/stm32cubeide_1.19.0/plugins/com.st.stm32cube.ide.mcu.externaltools.gnu-tools-for-stm32.13.3.rel1.linux64_1.0.0.202410170706/tools/bin/../lib/gcc/arm-none-eabi/13.3.1/thumb/v7e-m+fp/hard/crtbegin.o
LOAD /opt/st/stm32cubeide_1.19.0/plugins/com.st.stm32cube.ide.mcu.externaltools.gnu-tools-for-stm32.13.3.rel1.linux64_1.0.0.202410170706/tools/bin/../lib/gcc/arm-none-eabi/13.3.1/../../../../arm-none-eabi/lib/thumb/v7e-m+fp/hard/crt0.o
LOAD ./Core/Src/main.o
LOAD ./Core/Src/stm32l4xx_hal_msp.o
LOAD ./Core/Src/stm32l4xx_it.o
LOAD ./Core/Src/sysmem.o
LOAD ./Core/Src/system_stm32l4xx.o
LOAD ./Core/Startup/startup_stm32l475vgtx.o
LOAD ./Drivers/BSP/B-L475E-IOT01A1/b_l475e_iot01a1_bus.o
LOAD ./Drivers/BSP/Components/lsm6dsl/lsm6dsl.o
LOAD ./Drivers/BSP/Components/lsm6dsl/lsm6dsl_reg.o
LOAD ./Drivers/STM32L4xx_HAL_Driver/Src/stm32l4xx_hal.o
LOAD ./Drivers/STM32L4xx_HAL_Driver/Src/stm32l4xx_hal_cortex.o
LOAD ./Drivers/STM32L4xx_HAL_Driver/Src/stm32l4xx_hal_dma.o
LOAD ./Drivers/STM32L4xx_HAL_Driver/Src/stm32l4xx_hal_dma_ex.o
LOAD ./Drivers/STM32L4xx_HAL_Driver/Src/stm32l4xx_hal_exti.o
LOAD ./Drivers/STM32L4xx_HAL_Driver/Src/stm32l4xx_hal_flash.o
LOAD ./Drivers/STM32L4xx_HAL_Driver/Src/stm32l4xx_hal_flash_ex.o
LOAD ./Drivers/STM32L4xx_HAL_Driver/Src/stm32l4xx_hal_flash_ramfunc.o
LOAD ./Drivers/STM32L4xx_HAL_Driver/Src/stm32l4xx_hal_gpio.o
LOAD ./Drivers/STM32L4xx_HAL_Driver/Src/stm32l4xx_hal_i2c.o
LOAD ./Drivers/STM32L4xx_HAL_Driver/Src/stm32l4xx_hal_i2c_ex.o
LOAD ./Drivers/STM32L4xx_HAL_Driver/Src/stm32l4xx_hal_pwr.o
LOAD ./Drivers/STM32L4xx_HAL_Driver/Src/stm32l4xx_hal_pwr_ex.o
LOAD ./Drivers/STM32L4xx_HAL_Driver/Src/stm32l4xx_hal_rcc.o
LOAD ./Drivers/STM32L4xx_HAL_Driver/Src/stm32l4xx_hal_rcc_ex.o
LOAD ./Drivers/STM32L4xx_HAL_Driver/Src/stm32l4xx_hal_uart.o
LOAD ./Drivers/STM32L4xx_HAL_Driver/Src/stm32l4xx_hal_uart_ex.o
LOAD ./X-CUBE-AI/App/network.o
LOAD ./X-CUBE-AI/App/network_data.o
LOAD ./X-CUBE-AI/App/network_data_params.o
LOAD ../Middlewares/ST/AI/Lib/NetworkRuntime1020_CM4_GCC.a
START GROUP
LOAD /opt/st/stm32cubeide_1.19.0/plugins/com.st.stm32cube.ide.mcu.externaltools.gnu-tools-for-stm32.13.3.rel1.linux64_1.0.0.202410170706/tools/bin/../lib/gcc/arm-none-eabi/13.3.1/../../../../arm-none-eabi/lib/thumb/v7e-m+fp/hard/libc_nano.a
LOAD /opt/st/stm32cubeide_1.19.0/plugins/com.st.stm32cube.ide.mcu.externaltools.gnu-tools-for-stm32.13.3.rel1.linux64_1.0.0.202410170706/tools/bin/../lib/gcc/arm-none-eabi/13.3.1/../../../../arm-none-eabi/lib/thumb/v7e-m+fp/hard/libm.a
END GROUP
START GROUP
LOAD /opt/st/stm32cubeide_1.19.0/plugins/com.st.stm32cube.ide.mcu.externaltools.gnu-tools-for-stm32.13.3.rel1.linux64_1.0.0.202410170706/tools/bin/../lib/gcc/arm-none-eabi/13.3.1/thumb/v7e-m+fp/hard/libgcc.a
LOAD /opt/st/stm32cubeide_1.19.0/plugins/com.st.stm32cube.ide.mcu.externaltools.gnu-tools-for-stm32.13.3.rel1.linux64_1.0.0.202410170706/tools/bin/../lib/gcc/arm-none-eabi/13.3.1/../../../../arm-none-eabi/lib/thumb/v7e-m+fp/hard/libc_nano.a
END GROUP
START GROUP
LOAD /opt/st/stm32cubeide_1.19.0/plugins/com.st.stm32cube.ide.mcu.externaltools.gnu-tools-for-stm32.13.3.rel1.linux64_1.0.0.202410170706/tools/bin/../lib/gcc/arm-none-eabi/13.3.1/thumb/v7e-m+fp/hard/libgcc.a
LOAD /opt/st/stm32cubeide_1.19.0/plugins/com.st.stm32cube.ide.mcu.externaltools.gnu-tools-for-stm32.13.3.rel1.linux64_1.0.0.202410170706/tools/bin/../lib/gcc/arm-none-eabi/13.3.1/../../../../arm-none-eabi/lib/thumb/v7e-m+fp/hard/libc_nano.a
LOAD /opt/st/stm32cubeide_1.19.0/plugins/com.st.stm32cube.ide.mcu.externaltools.gnu-tools-for-stm32.13.3.rel1.linux64_1.0.0.202410170706/tools/bin/../lib/gcc/arm-none-eabi/13.3.1/../../../../arm-none-eabi/lib/thumb/v7e-m+fp/hard/libnosys.a
END GROUP
START GROUP
LOAD /opt/st/stm32cubeide_1.19.0/plugins/com.st.stm32cube.ide.mcu.externaltools.gnu-tools-for-stm32.13.3.rel1.linux64_1.0.0.202410170706/tools/bin/../lib/gcc/arm-none-eabi/13.3.1/thumb/v7e-m+fp/hard/libgcc.a
LOAD /opt/st/stm32cubeide_1.19.0/plugins/com.st.stm32cube.ide.mcu.externaltools.gnu-tools-for-stm32.13.3.rel1.linux64_1.0.0.202410170706/tools/bin/../lib/gcc/arm-none-eabi/13.3.1/../../../../arm-none-eabi/lib/thumb/v7e-m+fp/hard/libc_nano.a
LOAD /opt/st/stm32cubeide_1.19.0/plugins/com.st.stm32cube.ide.mcu.externaltools.gnu-tools-for-stm32.13.3.rel1.linux64_1.0.0.202410170706/tools/bin/../lib/gcc/arm-none-eabi/13.3.1/../../../../arm-none-eabi/lib/thumb/v7e-m+fp/hard/libnosys.a
END GROUP
LOAD /opt/st/stm32cubeide_1.19.0/plugins/com.st.stm32cube.ide.mcu.externaltools.gnu-tools-for-stm32.13.3.rel1.linux64_1.0.0.202410170706/tools/bin/../lib/gcc/arm-none-eabi/13.3.1/thumb/v7e-m+fp/hard/crtend.o
LOAD /opt/st/stm32cubeide_1.19.0/plugins/com.st.stm32cube.ide.mcu.externaltools.gnu-tools-for-stm32.13.3.rel1.linux64_1.0.0.202410170706/tools/bin/../lib/gcc/arm-none-eabi/13.3.1/thumb/v7e-m+fp/hard/crtn.o
                0x20018000                        _estack = (ORIGIN (RAM) + LENGTH (RAM))
                0x00000800                        _Min_Heap_Size = 0x800
                0x00000800                        _Min_Stack_Size = 0x800

.isr_vector     0x08000000      0x188
                0x08000000                        . = ALIGN (0x4)
 *(.isr_vector)
 .isr_vector    0x08000000      0x188 ./Core/Startup/startup_stm32l475vgtx.o
                0x08000000                g_pfnVectors
                0x08000188                        . = ALIGN (0x4)

.text           0x08000190     0xb728
                0x08000190                        . = ALIGN (0x4)
 *(.text)
 .text          0x08000190       0x40 /opt/st/stm32cubeide_1.19.0/plugins/com.st.stm32cube.ide.mcu.externaltools.gnu-tools-for-stm32.13.3.rel1.linux64_1.0.0.202410170706/tools/bin/../lib/gcc/arm-none-eabi/13.3.1/thumb/v7e-m+fp/hard/crtbegin.o
 .text          0x080001d0       0xa0 /opt/st/stm32cubeide_1.19.0/plugins/com.st.stm32cube.ide.mcu.externaltools.gnu-tools-for-stm32.13.3.rel1.linux64_1.0.0.202410170706/tools/bin/../lib/gcc/arm-none-eabi/13.3.1/../../../../arm-none-eabi/lib/thumb/v7e-m+fp/hard/libc_nano.a(libc_a-memchr.o)
                0x080001d0                memchr
 .text          0x08000270       0x10 /opt/st/stm32cubeide_1.19.0/plugins/com.st.stm32cube.ide.mcu.externaltools.gnu-tools-for-stm32.13.3.rel1.linux64_1.0.0.202410170706/tools/bin/../lib/gcc/arm-none-eabi/13.3.1/../../../../arm-none-eabi/lib/thumb/v7e-m+fp/hard/libc_nano.a(libc_a-strlen.o)
                0x08000270                strlen
 .text          0x08000280      0x378 /opt/st/stm32cubeide_1.19.0/plugins/com.st.stm32cube.ide.mcu.externaltools.gnu-tools-for-stm32.13.3.rel1.linux64_1.0.0.202410170706/tools/bin/../lib/gcc/arm-none-eabi/13.3.1/thumb/v7e-m+fp/hard/libgcc.a(_arm_addsubdf3.o)
                0x08000280                __aeabi_drsub
                0x08000288                __aeabi_dsub
                0x08000288                __subdf3
                0x0800028c                __adddf3
                0x0800028c                __aeabi_dadd
                0x08000504                __aeabi_ui2d
                0x08000504                __floatunsidf
                0x08000524                __floatsidf
                0x08000524                __aeabi_i2d
                0x08000548                __extendsfdf2
                0x08000548                __aeabi_f2d
                0x0800058c                __aeabi_ul2d
                0x0800058c                __floatundidf
                0x0800059c                __floatdidf
                0x0800059c                __aeabi_l2d
 .text          0x080005f8      0x424 /opt/st/stm32cubeide_1.19.0/plugins/com.st.stm32cube.ide.mcu.externaltools.gnu-tools-for-stm32.13.3.rel1.linux64_1.0.0.202410170706/tools/bin/../lib/gcc/arm-none-eabi/13.3.1/thumb/v7e-m+fp/hard/libgcc.a(_arm_muldivdf3.o)
                0x080005f8                __aeabi_dmul
                0x080005f8                __muldf3
                0x0800084c                __aeabi_ddiv
                0x0800084c                __divdf3
 .text          0x08000a1c      0x110 /opt/st/stm32cubeide_1.19.0/plugins/com.st.stm32cube.ide.mcu.externaltools.gnu-tools-for-stm32.13.3.rel1.linux64_1.0.0.202410170706/tools/bin/../lib/gcc/arm-none-eabi/13.3.1/thumb/v7e-m+fp/hard/libgcc.a(_arm_cmpdf2.o)
                0x08000a1c                __gtdf2
                0x08000a1c                __gedf2
                0x08000a24                __ltdf2
                0x08000a24                __ledf2
                0x08000a2c                __cmpdf2
                0x08000a2c                __eqdf2
                0x08000a2c                __nedf2
                0x08000aa8                __aeabi_cdrcmple
                0x08000ab8                __aeabi_cdcmple
                0x08000ab8                __aeabi_cdcmpeq
                0x08000ac8                __aeabi_dcmpeq
                0x08000adc                __aeabi_dcmplt
                0x08000af0                __aeabi_dcmple
                0x08000b04                __aeabi_dcmpge
                0x08000b18                __aeabi_dcmpgt
 .text          0x08000b2c       0x2c /opt/st/stm32cubeide_1.19.0/plugins/com.st.stm32cube.ide.mcu.externaltools.gnu-tools-for-stm32.13.3.rel1.linux64_1.0.0.202410170706/tools/bin/../lib/gcc/arm-none-eabi/13.3.1/thumb/v7e-m+fp/hard/libgcc.a(_arm_unorddf2.o)
                0x08000b2c                __aeabi_dcmpun
                0x08000b2c                __unorddf2
 .text          0x08000b58       0x50 /opt/st/stm32cubeide_1.19.0/plugins/com.st.stm32cube.ide.mcu.externaltools.gnu-tools-for-stm32.13.3.rel1.linux64_1.0.0.202410170706/tools/bin/../lib/gcc/arm-none-eabi/13.3.1/thumb/v7e-m+fp/hard/libgcc.a(_arm_fixdfsi.o)
                0x08000b58                __fixdfsi
                0x08000b58                __aeabi_d2iz
 .text          0x08000ba8       0x30 /opt/st/stm32cubeide_1.19.0/plugins/com.st.stm32cube.ide.mcu.externaltools.gnu-tools-for-stm32.13.3.rel1.linux64_1.0.0.202410170706/tools/bin/../lib/gcc/arm-none-eabi/13.3.1/thumb/v7e-m+fp/hard/libgcc.a(_aeabi_uldivmod.o)
                0x08000ba8                __aeabi_uldivmod
 .text          0x08000bd8      0x2f8 /opt/st/stm32cubeide_1.19.0/plugins/com.st.stm32cube.ide.mcu.externaltools.gnu-tools-for-stm32.13.3.rel1.linux64_1.0.0.202410170706/tools/bin/../lib/gcc/arm-none-eabi/13.3.1/thumb/v7e-m+fp/hard/libgcc.a(_udivmoddi4.o)
                0x08000bd8                __udivmoddi4
 .text          0x08000ed0        0x4 /opt/st/stm32cubeide_1.19.0/plugins/com.st.stm32cube.ide.mcu.externaltools.gnu-tools-for-stm32.13.3.rel1.linux64_1.0.0.202410170706/tools/bin/../lib/gcc/arm-none-eabi/13.3.1/thumb/v7e-m+fp/hard/libgcc.a(_dvmd_tls.o)
                0x08000ed0                __aeabi_ldiv0
                0x08000ed0                __aeabi_idiv0
 *(.text*)
 .text.main     0x08000ed4      0x12c ./Core/Src/main.o
                0x08000ed4                main
 .text.SystemClock_Config
                0x08001000       0xa4 ./Core/Src/main.o
                0x08001000                SystemClock_Config
 .text.MX_USART1_UART_Init
                0x080010a4       0x60 ./Core/Src/main.o
 .text.MX_GPIO_Init
                0x08001104      0x430 ./Core/Src/main.o
 .text.MEMS_Init
                0x08001534       0xa0 ./Core/Src/main.o
 .text._write   0x080015d4       0x2c ./Core/Src/main.o
                0x080015d4                _write
 .text.AI_Init  0x08001600       0x78 ./Core/Src/main.o
 .text.AI_Run   0x08001678       0x70 ./Core/Src/main.o
 .text.argmax   0x080016e8       0x60 ./Core/Src/main.o
 .text.HAL_GPIO_EXTI_Callback
                0x08001748       0x2c ./Core/Src/main.o
                0x08001748                HAL_GPIO_EXTI_Callback
 .text.Error_Handler
                0x08001774       0x1c ./Core/Src/main.o
                0x08001774                Error_Handler
 .text.HAL_MspInit
                0x08001790       0x48 ./Core/Src/stm32l4xx_hal_msp.o
                0x08001790                HAL_MspInit
 .text.HAL_UART_MspInit
                0x080017d8       0xbc ./Core/Src/stm32l4xx_hal_msp.o
                0x080017d8                HAL_UART_MspInit
 .text.NMI_Handler
                0x08001894        0x8 ./Core/Src/stm32l4xx_it.o
                0x08001894                NMI_Handler
 .text.HardFault_Handler
                0x0800189c        0x8 ./Core/Src/stm32l4xx_it.o
                0x0800189c                HardFault_Handler
 .text.MemManage_Handler
                0x080018a4        0x8 ./Core/Src/stm32l4xx_it.o
                0x080018a4                MemManage_Handler
 .text.BusFault_Handler
                0x080018ac        0x8 ./Core/Src/stm32l4xx_it.o
                0x080018ac                BusFault_Handler
 .text.UsageFault_Handler
                0x080018b4        0x8 ./Core/Src/stm32l4xx_it.o
                0x080018b4                UsageFault_Handler
 .text.SVC_Handler
                0x080018bc        0xe ./Core/Src/stm32l4xx_it.o
                0x080018bc                SVC_Handler
 .text.DebugMon_Handler
                0x080018ca        0xe ./Core/Src/stm32l4xx_it.o
                0x080018ca                DebugMon_Handler
 .text.PendSV_Handler
                0x080018d8        0xe ./Core/Src/stm32l4xx_it.o
                0x080018d8                PendSV_Handler
 .text.SysTick_Handler
                0x080018e6        0xc ./Core/Src/stm32l4xx_it.o
                0x080018e6                SysTick_Handler
 .text.EXTI9_5_IRQHandler
                0x080018f2       0x22 ./Core/Src/stm32l4xx_it.o
                0x080018f2                EXTI9_5_IRQHandler
 .text.EXTI15_10_IRQHandler
                0x08001914       0x30 ./Core/Src/stm32l4xx_it.o
                0x08001914                EXTI15_10_IRQHandler
 .text._sbrk    0x08001944       0x6c ./Core/Src/sysmem.o
                0x08001944                _sbrk
 .text.SystemInit
                0x080019b0       0x24 ./Core/Src/system_stm32l4xx.o
                0x080019b0                SystemInit
 .text.Reset_Handler
                0x080019d4       0x50 ./Core/Startup/startup_stm32l475vgtx.o
                0x080019d4                Reset_Handler
 .text.Default_Handler
                0x08001a24        0x2 ./Core/Startup/startup_stm32l475vgtx.o
                0x08001a24                RTC_Alarm_IRQHandler
                0x08001a24                EXTI2_IRQHandler
                0x08001a24                TIM8_TRG_COM_IRQHandler
                0x08001a24                TIM8_CC_IRQHandler
                0x08001a24                TIM1_CC_IRQHandler
                0x08001a24                TSC_IRQHandler
                0x08001a24                TAMP_STAMP_IRQHandler
                0x08001a24                EXTI3_IRQHandler
                0x08001a24                LPTIM2_IRQHandler
                0x08001a24                DFSDM1_FLT1_IRQHandler
                0x08001a24                I2C3_ER_IRQHandler
                0x08001a24                DFSDM1_FLT2_IRQHandler
                0x08001a24                EXTI0_IRQHandler
                0x08001a24                I2C2_EV_IRQHandler
                0x08001a24                CAN1_RX0_IRQHandler
                0x08001a24                FPU_IRQHandler
                0x08001a24                TIM1_UP_TIM16_IRQHandler
                0x08001a24                ADC1_2_IRQHandler
                0x08001a24                SPI1_IRQHandler
                0x08001a24                TIM6_DAC_IRQHandler
                0x08001a24                TIM8_UP_IRQHandler
                0x08001a24                DMA2_Channel2_IRQHandler
                0x08001a24                DMA1_Channel4_IRQHandler
                0x08001a24                SAI2_IRQHandler
                0x08001a24                DFSDM1_FLT3_IRQHandler
                0x08001a24                USART3_IRQHandler
                0x08001a24                DMA1_Channel7_IRQHandler
                0x08001a24                CAN1_RX1_IRQHandler
                0x08001a24                UART5_IRQHandler
                0x08001a24                ADC3_IRQHandler
                0x08001a24                TIM4_IRQHandler
                0x08001a24                DMA2_Channel1_IRQHandler
                0x08001a24                QUADSPI_IRQHandler
                0x08001a24                I2C1_EV_IRQHandler
                0x08001a24                DMA1_Channel6_IRQHandler
                0x08001a24                UART4_IRQHandler
                0x08001a24                DMA2_Channel4_IRQHandler
                0x08001a24                TIM3_IRQHandler
                0x08001a24                RCC_IRQHandler
                0x08001a24                DMA1_Channel1_IRQHandler
                0x08001a24                Default_Handler
                0x08001a24                DMA2_Channel7_IRQHandler
                0x08001a24                TIM7_IRQHandler
                0x08001a24                SDMMC1_IRQHandler
                0x08001a24                TIM5_IRQHandler
                0x08001a24                I2C3_EV_IRQHandler
                0x08001a24                RTC_WKUP_IRQHandler
                0x08001a24                PVD_PVM_IRQHandler
                0x08001a24                SPI2_IRQHandler
                0x08001a24                CAN1_TX_IRQHandler
                0x08001a24                DMA2_Channel5_IRQHandler
                0x08001a24                DMA1_Channel5_IRQHandler
                0x08001a24                EXTI4_IRQHandler
                0x08001a24                RNG_IRQHandler
                0x08001a24                TIM1_TRG_COM_TIM17_IRQHandler
                0x08001a24                DMA1_Channel3_IRQHandler
                0x08001a24                COMP_IRQHandler
                0x08001a24                WWDG_IRQHandler
                0x08001a24                LPUART1_IRQHandler
                0x08001a24                DMA2_Channel6_IRQHandler
                0x08001a24                TIM2_IRQHandler
                0x08001a24                EXTI1_IRQHandler
                0x08001a24                USART2_IRQHandler
                0x08001a24                DFSDM1_FLT0_IRQHandler
                0x08001a24                I2C2_ER_IRQHandler
                0x08001a24                DMA1_Channel2_IRQHandler
                0x08001a24                TIM8_BRK_IRQHandler
                0x08001a24                CAN1_SCE_IRQHandler
                0x08001a24                FLASH_IRQHandler
                0x08001a24                USART1_IRQHandler
                0x08001a24                OTG_FS_IRQHandler
                0x08001a24                SPI3_IRQHandler
                0x08001a24                I2C1_ER_IRQHandler
                0x08001a24                FMC_IRQHandler
                0x08001a24                SWPMI1_IRQHandler
                0x08001a24                LPTIM1_IRQHandler
                0x08001a24                SAI1_IRQHandler
                0x08001a24                DMA2_Channel3_IRQHandler
                0x08001a24                TIM1_BRK_TIM15_IRQHandler
 *fill*         0x08001a26        0x2 
 .text.BSP_I2C2_Init
                0x08001a28       0x7c ./Drivers/BSP/B-L475E-IOT01A1/b_l475e_iot01a1_bus.o
                0x08001a28                BSP_I2C2_Init
 .text.BSP_I2C2_DeInit
                0x08001aa4       0x50 ./Drivers/BSP/B-L475E-IOT01A1/b_l475e_iot01a1_bus.o
                0x08001aa4                BSP_I2C2_DeInit
 .text.BSP_I2C2_WriteReg
                0x08001af4       0x64 ./Drivers/BSP/B-L475E-IOT01A1/b_l475e_iot01a1_bus.o
                0x08001af4                BSP_I2C2_WriteReg
 .text.BSP_I2C2_ReadReg
                0x08001b58       0x64 ./Drivers/BSP/B-L475E-IOT01A1/b_l475e_iot01a1_bus.o
                0x08001b58                BSP_I2C2_ReadReg
 .text.BSP_GetTick
                0x08001bbc        0xe ./Drivers/BSP/B-L475E-IOT01A1/b_l475e_iot01a1_bus.o
                0x08001bbc                BSP_GetTick
 *fill*         0x08001bca        0x2 
 .text.MX_I2C2_Init
                0x08001bcc       0x88 ./Drivers/BSP/B-L475E-IOT01A1/b_l475e_iot01a1_bus.o
                0x08001bcc                MX_I2C2_Init
 .text.I2C2_MspInit
                0x08001c54       0xc0 ./Drivers/BSP/B-L475E-IOT01A1/b_l475e_iot01a1_bus.o
 .text.I2C2_MspDeInit
                0x08001d14       0x38 ./Drivers/BSP/B-L475E-IOT01A1/b_l475e_iot01a1_bus.o
 .text.LSM6DSL_RegisterBusIO
                0x08001d4c       0xd4 ./Drivers/BSP/Components/lsm6dsl/lsm6dsl.o
                0x08001d4c                LSM6DSL_RegisterBusIO
 .text.LSM6DSL_Init
                0x08001e20       0xd2 ./Drivers/BSP/Components/lsm6dsl/lsm6dsl.o
                0x08001e20                LSM6DSL_Init
 .text.LSM6DSL_ReadID
                0x08001ef2       0x2c ./Drivers/BSP/Components/lsm6dsl/lsm6dsl.o
                0x08001ef2                LSM6DSL_ReadID
 .text.LSM6DSL_ACC_Enable
                0x08001f1e       0x48 ./Drivers/BSP/Components/lsm6dsl/lsm6dsl.o
                0x08001f1e                LSM6DSL_ACC_Enable
 *fill*         0x08001f66        0x2 
 .text.LSM6DSL_ACC_GetSensitivity
                0x08001f68       0x8c ./Drivers/BSP/Components/lsm6dsl/lsm6dsl.o
                0x08001f68                LSM6DSL_ACC_GetSensitivity
 .text.LSM6DSL_ACC_SetOutputDataRate
                0x08001ff4       0x38 ./Drivers/BSP/Components/lsm6dsl/lsm6dsl.o
                0x08001ff4                LSM6DSL_ACC_SetOutputDataRate
 .text.LSM6DSL_ACC_SetFullScale
                0x0800202c       0x50 ./Drivers/BSP/Components/lsm6dsl/lsm6dsl.o
                0x0800202c                LSM6DSL_ACC_SetFullScale
 .text.LSM6DSL_ACC_GetAxesRaw
                0x0800207c       0x48 ./Drivers/BSP/Components/lsm6dsl/lsm6dsl.o
                0x0800207c                LSM6DSL_ACC_GetAxesRaw
 .text.LSM6DSL_ACC_GetAxes
                0x080020c4       0xae ./Drivers/BSP/Components/lsm6dsl/lsm6dsl.o
                0x080020c4                LSM6DSL_ACC_GetAxes
 .text.LSM6DSL_Write_Reg
                0x08002172       0x36 ./Drivers/BSP/Components/lsm6dsl/lsm6dsl.o
                0x08002172                LSM6DSL_Write_Reg
 .text.LSM6DSL_ACC_Set_INT1_DRDY
                0x080021a8       0x68 ./Drivers/BSP/Components/lsm6dsl/lsm6dsl.o
                0x080021a8                LSM6DSL_ACC_Set_INT1_DRDY
 .text.LSM6DSL_ACC_SetOutputDataRate_When_Enabled
                0x08002210      0x118 ./Drivers/BSP/Components/lsm6dsl/lsm6dsl.o
 .text.LSM6DSL_ACC_SetOutputDataRate_When_Disabled
                0x08002328      0x104 ./Drivers/BSP/Components/lsm6dsl/lsm6dsl.o
 .text.ReadRegWrap
                0x0800242c       0x36 ./Drivers/BSP/Components/lsm6dsl/lsm6dsl.o
 .text.WriteRegWrap
                0x08002462       0x36 ./Drivers/BSP/Components/lsm6dsl/lsm6dsl.o
 .text.lsm6dsl_read_reg
                0x08002498       0x3c ./Drivers/BSP/Components/lsm6dsl/lsm6dsl_reg.o
                0x08002498                lsm6dsl_read_reg
 .text.lsm6dsl_write_reg
                0x080024d4       0x3c ./Drivers/BSP/Components/lsm6dsl/lsm6dsl_reg.o
                0x080024d4                lsm6dsl_write_reg
 .text.lsm6dsl_xl_full_scale_set
                0x08002510       0x4c ./Drivers/BSP/Components/lsm6dsl/lsm6dsl_reg.o
                0x08002510                lsm6dsl_xl_full_scale_set
 .text.lsm6dsl_xl_full_scale_get
                0x0800255c       0x70 ./Drivers/BSP/Components/lsm6dsl/lsm6dsl_reg.o
                0x0800255c                lsm6dsl_xl_full_scale_get
 .text.lsm6dsl_xl_data_rate_set
                0x080025cc       0x4c ./Drivers/BSP/Components/lsm6dsl/lsm6dsl_reg.o
                0x080025cc                lsm6dsl_xl_data_rate_set
 .text.lsm6dsl_gy_full_scale_set
                0x08002618       0x4c ./Drivers/BSP/Components/lsm6dsl/lsm6dsl_reg.o
                0x08002618                lsm6dsl_gy_full_scale_set
 .text.lsm6dsl_gy_data_rate_set
                0x08002664       0x4c ./Drivers/BSP/Components/lsm6dsl/lsm6dsl_reg.o
                0x08002664                lsm6dsl_gy_data_rate_set
 .text.lsm6dsl_block_data_update_set
                0x080026b0       0x4c ./Drivers/BSP/Components/lsm6dsl/lsm6dsl_reg.o
                0x080026b0                lsm6dsl_block_data_update_set
 .text.lsm6dsl_acceleration_raw_get
                0x080026fc       0x90 ./Drivers/BSP/Components/lsm6dsl/lsm6dsl_reg.o
                0x080026fc                lsm6dsl_acceleration_raw_get
 .text.lsm6dsl_device_id_get
                0x0800278c       0x22 ./Drivers/BSP/Components/lsm6dsl/lsm6dsl_reg.o
                0x0800278c                lsm6dsl_device_id_get
 .text.lsm6dsl_auto_increment_set
                0x080027ae       0x4c ./Drivers/BSP/Components/lsm6dsl/lsm6dsl_reg.o
                0x080027ae                lsm6dsl_auto_increment_set
 .text.lsm6dsl_pin_int1_route_set
                0x080027fa      0x2c6 ./Drivers/BSP/Components/lsm6dsl/lsm6dsl_reg.o
                0x080027fa                lsm6dsl_pin_int1_route_set
 .text.lsm6dsl_pin_int1_route_get
                0x08002ac0      0x1ac ./Drivers/BSP/Components/lsm6dsl/lsm6dsl_reg.o
                0x08002ac0                lsm6dsl_pin_int1_route_get
 .text.lsm6dsl_fifo_mode_set
                0x08002c6c       0x4c ./Drivers/BSP/Components/lsm6dsl/lsm6dsl_reg.o
                0x08002c6c                lsm6dsl_fifo_mode_set
 .text.HAL_Init
                0x08002cb8       0x30 ./Drivers/STM32L4xx_HAL_Driver/Src/stm32l4xx_hal.o
                0x08002cb8                HAL_Init
 .text.HAL_InitTick
                0x08002ce8       0x78 ./Drivers/STM32L4xx_HAL_Driver/Src/stm32l4xx_hal.o
                0x08002ce8                HAL_InitTick
 .text.HAL_IncTick
                0x08002d60       0x28 ./Drivers/STM32L4xx_HAL_Driver/Src/stm32l4xx_hal.o
                0x08002d60                HAL_IncTick
 .text.HAL_GetTick
                0x08002d88       0x18 ./Drivers/STM32L4xx_HAL_Driver/Src/stm32l4xx_hal.o
                0x08002d88                HAL_GetTick
 .text.HAL_Delay
                0x08002da0       0x48 ./Drivers/STM32L4xx_HAL_Driver/Src/stm32l4xx_hal.o
                0x08002da0                HAL_Delay
 .text.__NVIC_SetPriorityGrouping
                0x08002de8       0x48 ./Drivers/STM32L4xx_HAL_Driver/Src/stm32l4xx_hal_cortex.o
 .text.__NVIC_GetPriorityGrouping
                0x08002e30       0x1c ./Drivers/STM32L4xx_HAL_Driver/Src/stm32l4xx_hal_cortex.o
 .text.__NVIC_EnableIRQ
                0x08002e4c       0x3c ./Drivers/STM32L4xx_HAL_Driver/Src/stm32l4xx_hal_cortex.o
 .text.__NVIC_SetPriority
                0x08002e88       0x54 ./Drivers/STM32L4xx_HAL_Driver/Src/stm32l4xx_hal_cortex.o
 .text.NVIC_EncodePriority
                0x08002edc       0x66 ./Drivers/STM32L4xx_HAL_Driver/Src/stm32l4xx_hal_cortex.o
 *fill*         0x08002f42        0x2 
 .text.SysTick_Config
                0x08002f44       0x44 ./Drivers/STM32L4xx_HAL_Driver/Src/stm32l4xx_hal_cortex.o
 .text.HAL_NVIC_SetPriorityGrouping
                0x08002f88       0x16 ./Drivers/STM32L4xx_HAL_Driver/Src/stm32l4xx_hal_cortex.o
                0x08002f88                HAL_NVIC_SetPriorityGrouping
 .text.HAL_NVIC_SetPriority
                0x08002f9e       0x38 ./Drivers/STM32L4xx_HAL_Driver/Src/stm32l4xx_hal_cortex.o
                0x08002f9e                HAL_NVIC_SetPriority
 .text.HAL_NVIC_EnableIRQ
                0x08002fd6       0x1c ./Drivers/STM32L4xx_HAL_Driver/Src/stm32l4xx_hal_cortex.o
                0x08002fd6                HAL_NVIC_EnableIRQ
 .text.HAL_SYSTICK_Config
                0x08002ff2       0x18 ./Drivers/STM32L4xx_HAL_Driver/Src/stm32l4xx_hal_cortex.o
                0x08002ff2                HAL_SYSTICK_Config
 *fill*         0x0800300a        0x2 
 .text.HAL_GPIO_Init
                0x0800300c      0x354 ./Drivers/STM32L4xx_HAL_Driver/Src/stm32l4xx_hal_gpio.o
                0x0800300c                HAL_GPIO_Init
 .text.HAL_GPIO_DeInit
                0x08003360      0x1e8 ./Drivers/STM32L4xx_HAL_Driver/Src/stm32l4xx_hal_gpio.o
                0x08003360                HAL_GPIO_DeInit
 .text.HAL_GPIO_WritePin
                0x08003548       0x30 ./Drivers/STM32L4xx_HAL_Driver/Src/stm32l4xx_hal_gpio.o
                0x08003548                HAL_GPIO_WritePin
 .text.HAL_GPIO_TogglePin
                0x08003578       0x34 ./Drivers/STM32L4xx_HAL_Driver/Src/stm32l4xx_hal_gpio.o
                0x08003578                HAL_GPIO_TogglePin
 .text.HAL_GPIO_EXTI_IRQHandler
                0x080035ac       0x30 ./Drivers/STM32L4xx_HAL_Driver/Src/stm32l4xx_hal_gpio.o
                0x080035ac                HAL_GPIO_EXTI_IRQHandler
 .text.HAL_I2C_Init
                0x080035dc      0x136 ./Drivers/STM32L4xx_HAL_Driver/Src/stm32l4xx_hal_i2c.o
                0x080035dc                HAL_I2C_Init
 .text.HAL_I2C_DeInit
                0x08003712       0x5e ./Drivers/STM32L4xx_HAL_Driver/Src/stm32l4xx_hal_i2c.o
                0x08003712                HAL_I2C_DeInit
 .text.HAL_I2C_MspInit
                0x08003770       0x14 ./Drivers/STM32L4xx_HAL_Driver/Src/stm32l4xx_hal_i2c.o
                0x08003770                HAL_I2C_MspInit
 .text.HAL_I2C_MspDeInit
                0x08003784       0x14 ./Drivers/STM32L4xx_HAL_Driver/Src/stm32l4xx_hal_i2c.o
                0x08003784                HAL_I2C_MspDeInit
 .text.HAL_I2C_Mem_Write
                0x08003798      0x228 ./Drivers/STM32L4xx_HAL_Driver/Src/stm32l4xx_hal_i2c.o
                0x08003798                HAL_I2C_Mem_Write
 .text.HAL_I2C_Mem_Read
                0x080039c0      0x234 ./Drivers/STM32L4xx_HAL_Driver/Src/stm32l4xx_hal_i2c.o
                0x080039c0                HAL_I2C_Mem_Read
 .text.HAL_I2C_GetState
                0x08003bf4       0x1c ./Drivers/STM32L4xx_HAL_Driver/Src/stm32l4xx_hal_i2c.o
                0x08003bf4                HAL_I2C_GetState
 .text.HAL_I2C_GetError
                0x08003c10       0x18 ./Drivers/STM32L4xx_HAL_Driver/Src/stm32l4xx_hal_i2c.o
                0x08003c10                HAL_I2C_GetError
 .text.I2C_RequestMemoryWrite
                0x08003c28       0xa8 ./Drivers/STM32L4xx_HAL_Driver/Src/stm32l4xx_hal_i2c.o
 .text.I2C_RequestMemoryRead
                0x08003cd0       0xa8 ./Drivers/STM32L4xx_HAL_Driver/Src/stm32l4xx_hal_i2c.o
 .text.I2C_Flush_TXDR
                0x08003d78       0x48 ./Drivers/STM32L4xx_HAL_Driver/Src/stm32l4xx_hal_i2c.o
 .text.I2C_WaitOnFlagUntilTimeout
                0x08003dc0       0xb2 ./Drivers/STM32L4xx_HAL_Driver/Src/stm32l4xx_hal_i2c.o
 .text.I2C_WaitOnTXISFlagUntilTimeout
                0x08003e72       0x8e ./Drivers/STM32L4xx_HAL_Driver/Src/stm32l4xx_hal_i2c.o
 .text.I2C_WaitOnSTOPFlagUntilTimeout
                0x08003f00       0x86 ./Drivers/STM32L4xx_HAL_Driver/Src/stm32l4xx_hal_i2c.o
 *fill*         0x08003f86        0x2 
 .text.I2C_IsErrorOccurred
                0x08003f88      0x1c0 ./Drivers/STM32L4xx_HAL_Driver/Src/stm32l4xx_hal_i2c.o
 .text.I2C_TransferConfig
                0x08004148       0x64 ./Drivers/STM32L4xx_HAL_Driver/Src/stm32l4xx_hal_i2c.o
 .text.HAL_I2CEx_ConfigAnalogFilter
                0x080041ac       0x96 ./Drivers/STM32L4xx_HAL_Driver/Src/stm32l4xx_hal_i2c_ex.o
                0x080041ac                HAL_I2CEx_ConfigAnalogFilter
 .text.HAL_I2CEx_ConfigDigitalFilter
                0x08004242       0x98 ./Drivers/STM32L4xx_HAL_Driver/Src/stm32l4xx_hal_i2c_ex.o
                0x08004242                HAL_I2CEx_ConfigDigitalFilter
 *fill*         0x080042da        0x2 
 .text.HAL_PWREx_GetVoltageRange
                0x080042dc       0x1c ./Drivers/STM32L4xx_HAL_Driver/Src/stm32l4xx_hal_pwr_ex.o
                0x080042dc                HAL_PWREx_GetVoltageRange
 .text.HAL_PWREx_ControlVoltageScaling
                0x080042f8       0xac ./Drivers/STM32L4xx_HAL_Driver/Src/stm32l4xx_hal_pwr_ex.o
                0x080042f8                HAL_PWREx_ControlVoltageScaling
 .text.HAL_RCC_OscConfig
                0x080043a4      0x7b8 ./Drivers/STM32L4xx_HAL_Driver/Src/stm32l4xx_hal_rcc.o
                0x080043a4                HAL_RCC_OscConfig
 .text.HAL_RCC_ClockConfig
                0x08004b5c      0x200 ./Drivers/STM32L4xx_HAL_Driver/Src/stm32l4xx_hal_rcc.o
                0x08004b5c                HAL_RCC_ClockConfig
 .text.HAL_RCC_GetSysClockFreq
                0x08004d5c      0x118 ./Drivers/STM32L4xx_HAL_Driver/Src/stm32l4xx_hal_rcc.o
                0x08004d5c                HAL_RCC_GetSysClockFreq
 .text.HAL_RCC_GetHCLKFreq
                0x08004e74       0x18 ./Drivers/STM32L4xx_HAL_Driver/Src/stm32l4xx_hal_rcc.o
                0x08004e74                HAL_RCC_GetHCLKFreq
 .text.HAL_RCC_GetPCLK1Freq
                0x08004e8c       0x2c ./Drivers/STM32L4xx_HAL_Driver/Src/stm32l4xx_hal_rcc.o
                0x08004e8c                HAL_RCC_GetPCLK1Freq
 .text.HAL_RCC_GetPCLK2Freq
                0x08004eb8       0x2c ./Drivers/STM32L4xx_HAL_Driver/Src/stm32l4xx_hal_rcc.o
                0x08004eb8                HAL_RCC_GetPCLK2Freq
 .text.RCC_SetFlashLatencyFromMSIRange
                0x08004ee4       0xc0 ./Drivers/STM32L4xx_HAL_Driver/Src/stm32l4xx_hal_rcc.o
 .text.HAL_RCCEx_PeriphCLKConfig
                0x08004fa4      0x5d4 ./Drivers/STM32L4xx_HAL_Driver/Src/stm32l4xx_hal_rcc_ex.o
                0x08004fa4                HAL_RCCEx_PeriphCLKConfig
 .text.RCCEx_PLLSAI1_Config
                0x08005578      0x1e8 ./Drivers/STM32L4xx_HAL_Driver/Src/stm32l4xx_hal_rcc_ex.o
 .text.RCCEx_PLLSAI2_Config
                0x08005760      0x1bc ./Drivers/STM32L4xx_HAL_Driver/Src/stm32l4xx_hal_rcc_ex.o
 .text.HAL_UART_Init
                0x0800591c       0x9c ./Drivers/STM32L4xx_HAL_Driver/Src/stm32l4xx_hal_uart.o
                0x0800591c                HAL_UART_Init
 .text.HAL_UART_Transmit
                0x080059b8      0x112 ./Drivers/STM32L4xx_HAL_Driver/Src/stm32l4xx_hal_uart.o
                0x080059b8                HAL_UART_Transmit
 *fill*         0x08005aca        0x2 
 .text.UART_SetConfig
                0x08005acc      0x570 ./Drivers/STM32L4xx_HAL_Driver/Src/stm32l4xx_hal_uart.o
                0x08005acc                UART_SetConfig
 .text.UART_AdvFeatureConfig
                0x0800603c      0x144 ./Drivers/STM32L4xx_HAL_Driver/Src/stm32l4xx_hal_uart.o
                0x0800603c                UART_AdvFeatureConfig
 .text.UART_CheckIdleState
                0x08006180      0x150 ./Drivers/STM32L4xx_HAL_Driver/Src/stm32l4xx_hal_uart.o
                0x08006180                UART_CheckIdleState
 .text.UART_WaitOnFlagUntilTimeout
                0x080062d0       0xda ./Drivers/STM32L4xx_HAL_Driver/Src/stm32l4xx_hal_uart.o
                0x080062d0                UART_WaitOnFlagUntilTimeout
 .text.UART_EndRxTransfer
                0x080063aa       0xc8 ./Drivers/STM32L4xx_HAL_Driver/Src/stm32l4xx_hal_uart.o
 *fill*         0x08006472        0x2 
 .text.network_configure_activations
                0x08006474      0x100 ./X-CUBE-AI/App/network.o
 .text.network_configure_weights
                0x08006574      0x120 ./X-CUBE-AI/App/network.o
 .text.ai_network_get_error
                0x08006694       0x18 ./X-CUBE-AI/App/network.o
                0x08006694                ai_network_get_error
 .text.ai_network_create
                0x080066ac       0x2c ./X-CUBE-AI/App/network.o
                0x080066ac                ai_network_create
 .text.ai_network_create_and_init
                0x080066d8       0xfc ./X-CUBE-AI/App/network.o
                0x080066d8                ai_network_create_and_init
 .text.ai_network_inputs_get
                0x080067d4       0x34 ./X-CUBE-AI/App/network.o
                0x080067d4                ai_network_inputs_get
 .text.ai_network_outputs_get
                0x08006808       0x34 ./X-CUBE-AI/App/network.o
                0x08006808                ai_network_outputs_get
 .text.ai_network_init
                0x0800683c       0x78 ./X-CUBE-AI/App/network.o
                0x0800683c                ai_network_init
 .text.ai_network_run
                0x080068b4       0x20 ./X-CUBE-AI/App/network.o
                0x080068b4                ai_network_run
 .text.ai_network_data_params_get
                0x080068d4       0x50 ./X-CUBE-AI/App/network_data.o
                0x080068d4                ai_network_data_params_get
 .text.ai_buffer_get_size
                0x08006924       0x64 ../Middlewares/ST/AI/Lib/NetworkRuntime1020_CM4_GCC.a(ai_platform.o)
                0x08006924                ai_buffer_get_size
 .text.ai_buffer_array_sane
                0x08006988       0x14 ../Middlewares/ST/AI/Lib/NetworkRuntime1020_CM4_GCC.a(ai_platform.o)
                0x08006988                ai_buffer_array_sane
 .text.ai_buffer_array_item_set_address
                0x0800699c       0x1c ../Middlewares/ST/AI/Lib/NetworkRuntime1020_CM4_GCC.a(ai_platform.o)
                0x0800699c                ai_buffer_array_item_set_address
 .text.ai_platform_get_weights_map
                0x080069b8       0xa4 ../Middlewares/ST/AI/Lib/NetworkRuntime1020_CM4_GCC.a(ai_platform_interface.o)
                0x080069b8                ai_platform_get_weights_map
 .text.ai_platform_get_activations_map
                0x08006a5c       0xa8 ../Middlewares/ST/AI/Lib/NetworkRuntime1020_CM4_GCC.a(ai_platform_interface.o)
                0x08006a5c                ai_platform_get_activations_map
 .text.ai_platform_bind_network_params
                0x08006b04       0x44 ../Middlewares/ST/AI/Lib/NetworkRuntime1020_CM4_GCC.a(ai_platform_interface.o)
                0x08006b04                ai_platform_bind_network_params
 .text.ai_platform_network_get_error
                0x08006b48       0x18 ../Middlewares/ST/AI/Lib/NetworkRuntime1020_CM4_GCC.a(ai_platform_interface.o)
                0x08006b48                ai_platform_network_get_error
 .text.ai_platform_network_set_error
                0x08006b60        0xc ../Middlewares/ST/AI/Lib/NetworkRuntime1020_CM4_GCC.a(ai_platform_interface.o)
                0x08006b60                ai_platform_network_set_error
 .text.ai_platform_inputs_get
                0x08006b6c       0xec ../Middlewares/ST/AI/Lib/NetworkRuntime1020_CM4_GCC.a(ai_platform_interface.o)
                0x08006b6c                ai_platform_inputs_get
 .text.ai_platform_outputs_get
                0x08006c58       0xe4 ../Middlewares/ST/AI/Lib/NetworkRuntime1020_CM4_GCC.a(ai_platform_interface.o)
                0x08006c58                ai_platform_outputs_get
 .text.ai_platform_network_create
                0x08006d3c       0x84 ../Middlewares/ST/AI/Lib/NetworkRuntime1020_CM4_GCC.a(ai_platform_interface.o)
                0x08006d3c                ai_platform_network_create
 .text.ai_platform_network_init
                0x08006dc0      0x130 ../Middlewares/ST/AI/Lib/NetworkRuntime1020_CM4_GCC.a(ai_platform_interface.o)
                0x08006dc0                ai_platform_network_init
 .text.ai_platform_network_post_init
                0x08006ef0       0x5c ../Middlewares/ST/AI/Lib/NetworkRuntime1020_CM4_GCC.a(ai_platform_interface.o)
                0x08006ef0                ai_platform_network_post_init
 .text.ai_platform_network_process
                0x08006f4c      0x438 ../Middlewares/ST/AI/Lib/NetworkRuntime1020_CM4_GCC.a(ai_platform_interface.o)
                0x08006f4c                ai_platform_network_process
 .text.core_init
                0x08007384        0x4 ../Middlewares/ST/AI/Lib/NetworkRuntime1020_CM4_GCC.a(core_common.o)
                0x08007384                core_init
 .text.core_get_error
                0x08007388        0xc ../Middlewares/ST/AI/Lib/NetworkRuntime1020_CM4_GCC.a(core_common.o)
                0x08007388                core_get_error
 .text.core_set_error
                0x08007394       0x18 ../Middlewares/ST/AI/Lib/NetworkRuntime1020_CM4_GCC.a(core_common.o)
                0x08007394                core_set_error
 .text.ai_check_custom_types
                0x080073ac       0x54 ../Middlewares/ST/AI/Lib/NetworkRuntime1020_CM4_GCC.a(layers.o)
                0x080073ac                ai_check_custom_types
 .text.ai_layers_init_all
                0x08007400       0x20 ../Middlewares/ST/AI/Lib/NetworkRuntime1020_CM4_GCC.a(layers.o)
                0x08007400                ai_layers_init_all
 .text.ai_layers_post_init_all
                0x08007420       0x3c ../Middlewares/ST/AI/Lib/NetworkRuntime1020_CM4_GCC.a(layers.o)
                0x08007420                ai_layers_post_init_all
 .text.ai_layers_forward_all
                0x0800745c       0x90 ../Middlewares/ST/AI/Lib/NetworkRuntime1020_CM4_GCC.a(layers.o)
                0x0800745c                ai_layers_forward_all
 .text.forward_conv2d_if32of32wf32
                0x080074ec      0x1c4 ../Middlewares/ST/AI/Lib/NetworkRuntime1020_CM4_GCC.a(layers_conv2d_generic_float.o)
                0x080074ec                forward_conv2d_if32of32wf32
 .text.forward_dense
                0x080076b0      0x100 ../Middlewares/ST/AI/Lib/NetworkRuntime1020_CM4_GCC.a(layers_conv2d_generic_float.o)
                0x080076b0                forward_dense
 .text.forward_sm
                0x080077b0       0x84 ../Middlewares/ST/AI/Lib/NetworkRuntime1020_CM4_GCC.a(layers_nl_generic_float.o)
                0x080077b0                forward_sm
 .text.forward_mp
                0x08007834      0x1b8 ../Middlewares/ST/AI/Lib/NetworkRuntime1020_CM4_GCC.a(layers_pool_generic_float.o)
                0x08007834                forward_mp
 .text.forward_lite_conv2d_if32of32wf32
                0x080079ec      0x5a8 ../Middlewares/ST/AI/Lib/NetworkRuntime1020_CM4_GCC.a(forward_lite_conv2d_if32of32wf32.o)
                0x080079ec                forward_lite_conv2d_if32of32wf32
 .text.forward_lite_nl_softmax_if32of32_kernel
                0x08007f94       0xf0 ../Middlewares/ST/AI/Lib/NetworkRuntime1020_CM4_GCC.a(lite_nl_softmax_if32of32.o)
                0x08007f94                forward_lite_nl_softmax_if32of32_kernel
 .text.lite_decompress_ilutof32
                0x08008084       0xac ../Middlewares/ST/AI/Lib/NetworkRuntime1020_CM4_GCC.a(lite_dense_if32.o)
                0x08008084                lite_decompress_ilutof32
 .text.forward_lite_dense_if32of32wf32
                0x08008130      0x2ac ../Middlewares/ST/AI/Lib/NetworkRuntime1020_CM4_GCC.a(lite_dense_if32.o)
                0x08008130                forward_lite_dense_if32of32wf32
 .text.forward_lite_dense_if32of32wf32_lut4
                0x080083dc      0x288 ../Middlewares/ST/AI/Lib/NetworkRuntime1020_CM4_GCC.a(lite_dense_if32.o)
                0x080083dc                forward_lite_dense_if32of32wf32_lut4
 .text.forward_lite_dense_if32of32wf32_lut8
                0x08008664      0x298 ../Middlewares/ST/AI/Lib/NetworkRuntime1020_CM4_GCC.a(lite_dense_if32.o)
                0x08008664                forward_lite_dense_if32of32wf32_lut8
 .text.forward_lite_nl_softmax_if32of32
                0x080088fc       0x64 ../Middlewares/ST/AI/Lib/NetworkRuntime1020_CM4_GCC.a(lite_nl_generic_float.o)
                0x080088fc                forward_lite_nl_softmax_if32of32
 .text.st_int8_copy
                0x08008960      0x13c ../Middlewares/ST/AI/Lib/NetworkRuntime1020_CM4_GCC.a(st_int8_fill.o)
                0x08008960                st_int8_copy
 .text.ai_array_to_buffer_fmt
                0x08008a9c       0xe0 ../Middlewares/ST/AI/Lib/NetworkRuntime1020_CM4_GCC.a(ai_datatypes_format.o)
                0x08008a9c                ai_array_to_buffer_fmt
 .text.ai_array_get_data_byte_size
                0x08008b7c       0x24 ../Middlewares/ST/AI/Lib/NetworkRuntime1020_CM4_GCC.a(ai_datatypes_format.o)
                0x08008b7c                ai_array_get_data_byte_size
 .text.ai_version_get
                0x08008ba0        0xc ../Middlewares/ST/AI/Lib/NetworkRuntime1020_CM4_GCC.a(ai_datatypes_internal.o)
                0x08008ba0                ai_version_get
 .text.get_tensor_byte_size
                0x08008bac       0x30 ../Middlewares/ST/AI/Lib/NetworkRuntime1020_CM4_GCC.a(ai_datatypes_internal.o)
                0x08008bac                get_tensor_byte_size
 .text.malloc   0x08008bdc       0x10 /opt/st/stm32cubeide_1.19.0/plugins/com.st.stm32cube.ide.mcu.externaltools.gnu-tools-for-stm32.13.3.rel1.linux64_1.0.0.202410170706/tools/bin/../lib/gcc/arm-none-eabi/13.3.1/../../../../arm-none-eabi/lib/thumb/v7e-m+fp/hard/libc_nano.a(libc_a-malloc.o)
                0x08008bdc                malloc
 .text.sbrk_aligned
                0x08008bec       0x44 /opt/st/stm32cubeide_1.19.0/plugins/com.st.stm32cube.ide.mcu.externaltools.gnu-tools-for-stm32.13.3.rel1.linux64_1.0.0.202410170706/tools/bin/../lib/gcc/arm-none-eabi/13.3.1/../../../../arm-none-eabi/lib/thumb/v7e-m+fp/hard/libc_nano.a(libc_a-mallocr.o)
 .text._malloc_r
                0x08008c30      0x100 /opt/st/stm32cubeide_1.19.0/plugins/com.st.stm32cube.ide.mcu.externaltools.gnu-tools-for-stm32.13.3.rel1.linux64_1.0.0.202410170706/tools/bin/../lib/gcc/arm-none-eabi/13.3.1/../../../../arm-none-eabi/lib/thumb/v7e-m+fp/hard/libc_nano.a(libc_a-mallocr.o)
                0x08008c30                _malloc_r
 .text.__malloc_lock
                0x08008d30        0xc /opt/st/stm32cubeide_1.19.0/plugins/com.st.stm32cube.ide.mcu.externaltools.gnu-tools-for-stm32.13.3.rel1.linux64_1.0.0.202410170706/tools/bin/../lib/gcc/arm-none-eabi/13.3.1/../../../../arm-none-eabi/lib/thumb/v7e-m+fp/hard/libc_nano.a(libc_a-mlock.o)
                0x08008d30                __malloc_lock
 .text.__malloc_unlock
                0x08008d3c        0xc /opt/st/stm32cubeide_1.19.0/plugins/com.st.stm32cube.ide.mcu.externaltools.gnu-tools-for-stm32.13.3.rel1.linux64_1.0.0.202410170706/tools/bin/../lib/gcc/arm-none-eabi/13.3.1/../../../../arm-none-eabi/lib/thumb/v7e-m+fp/hard/libc_nano.a(libc_a-mlock.o)
                0x08008d3c                __malloc_unlock
 .text.__cvt    0x08008d48       0xca /opt/st/stm32cubeide_1.19.0/plugins/com.st.stm32cube.ide.mcu.externaltools.gnu-tools-for-stm32.13.3.rel1.linux64_1.0.0.202410170706/tools/bin/../lib/gcc/arm-none-eabi/13.3.1/../../../../arm-none-eabi/lib/thumb/v7e-m+fp/hard/libc_nano.a(libc_a-nano-vfprintf_float.o)
                0x08008d48                __cvt
 .text.__exponent
                0x08008e12       0x74 /opt/st/stm32cubeide_1.19.0/plugins/com.st.stm32cube.ide.mcu.externaltools.gnu-tools-for-stm32.13.3.rel1.linux64_1.0.0.202410170706/tools/bin/../lib/gcc/arm-none-eabi/13.3.1/../../../../arm-none-eabi/lib/thumb/v7e-m+fp/hard/libc_nano.a(libc_a-nano-vfprintf_float.o)
                0x08008e12                __exponent
 *fill*         0x08008e86        0x2 
 .text._printf_float
                0x08008e88      0x454 /opt/st/stm32cubeide_1.19.0/plugins/com.st.stm32cube.ide.mcu.externaltools.gnu-tools-for-stm32.13.3.rel1.linux64_1.0.0.202410170706/tools/bin/../lib/gcc/arm-none-eabi/13.3.1/../../../../arm-none-eabi/lib/thumb/v7e-m+fp/hard/libc_nano.a(libc_a-nano-vfprintf_float.o)
                0x08008e88                _printf_float
 .text._printf_common
                0x080092dc       0xda /opt/st/stm32cubeide_1.19.0/plugins/com.st.stm32cube.ide.mcu.externaltools.gnu-tools-for-stm32.13.3.rel1.linux64_1.0.0.202410170706/tools/bin/../lib/gcc/arm-none-eabi/13.3.1/../../../../arm-none-eabi/lib/thumb/v7e-m+fp/hard/libc_nano.a(libc_a-nano-vfprintf_i.o)
                0x080092dc                _printf_common
 *fill*         0x080093b6        0x2 
 .text._printf_i
                0x080093b8      0x23c /opt/st/stm32cubeide_1.19.0/plugins/com.st.stm32cube.ide.mcu.externaltools.gnu-tools-for-stm32.13.3.rel1.linux64_1.0.0.202410170706/tools/bin/../lib/gcc/arm-none-eabi/13.3.1/../../../../arm-none-eabi/lib/thumb/v7e-m+fp/hard/libc_nano.a(libc_a-nano-vfprintf_i.o)
                0x080093b8                _printf_i
 .text.std      0x080095f4       0x6c /opt/st/stm32cubeide_1.19.0/plugins/com.st.stm32cube.ide.mcu.externaltools.gnu-tools-for-stm32.13.3.rel1.linux64_1.0.0.202410170706/tools/bin/../lib/gcc/arm-none-eabi/13.3.1/../../../../arm-none-eabi/lib/thumb/v7e-m+fp/hard/libc_nano.a(libc_a-findfp.o)
 .text.stdio_exit_handler
                0x08009660       0x18 /opt/st/stm32cubeide_1.19.0/plugins/com.st.stm32cube.ide.mcu.externaltools.gnu-tools-for-stm32.13.3.rel1.linux64_1.0.0.202410170706/tools/bin/../lib/gcc/arm-none-eabi/13.3.1/../../../../arm-none-eabi/lib/thumb/v7e-m+fp/hard/libc_nano.a(libc_a-findfp.o)
 .text.cleanup_stdio
                0x08009678       0x40 /opt/st/stm32cubeide_1.19.0/plugins/com.st.stm32cube.ide.mcu.externaltools.gnu-tools-for-stm32.13.3.rel1.linux64_1.0.0.202410170706/tools/bin/../lib/gcc/arm-none-eabi/13.3.1/../../../../arm-none-eabi/lib/thumb/v7e-m+fp/hard/libc_nano.a(libc_a-findfp.o)
 .text.global_stdio_init.part.0
                0x080096b8       0x3c /opt/st/stm32cubeide_1.19.0/plugins/com.st.stm32cube.ide.mcu.externaltools.gnu-tools-for-stm32.13.3.rel1.linux64_1.0.0.202410170706/tools/bin/../lib/gcc/arm-none-eabi/13.3.1/../../../../arm-none-eabi/lib/thumb/v7e-m+fp/hard/libc_nano.a(libc_a-findfp.o)
 .text.__sfp_lock_acquire
                0x080096f4        0xc /opt/st/stm32cubeide_1.19.0/plugins/com.st.stm32cube.ide.mcu.externaltools.gnu-tools-for-stm32.13.3.rel1.linux64_1.0.0.202410170706/tools/bin/../lib/gcc/arm-none-eabi/13.3.1/../../../../arm-none-eabi/lib/thumb/v7e-m+fp/hard/libc_nano.a(libc_a-findfp.o)
                0x080096f4                __sfp_lock_acquire
 .text.__sfp_lock_release
                0x08009700        0xc /opt/st/stm32cubeide_1.19.0/plugins/com.st.stm32cube.ide.mcu.externaltools.gnu-tools-for-stm32.13.3.rel1.linux64_1.0.0.202410170706/tools/bin/../lib/gcc/arm-none-eabi/13.3.1/../../../../arm-none-eabi/lib/thumb/v7e-m+fp/hard/libc_nano.a(libc_a-findfp.o)
                0x08009700                __sfp_lock_release
 .text.__sinit  0x0800970c       0x30 /opt/st/stm32cubeide_1.19.0/plugins/com.st.stm32cube.ide.mcu.externaltools.gnu-tools-for-stm32.13.3.rel1.linux64_1.0.0.202410170706/tools/bin/../lib/gcc/arm-none-eabi/13.3.1/../../../../arm-none-eabi/lib/thumb/v7e-m+fp/hard/libc_nano.a(libc_a-findfp.o)
                0x0800970c                __sinit
 .text._fwalk_sglue
                0x0800973c       0x3c /opt/st/stm32cubeide_1.19.0/plugins/com.st.stm32cube.ide.mcu.externaltools.gnu-tools-for-stm32.13.3.rel1.linux64_1.0.0.202410170706/tools/bin/../lib/gcc/arm-none-eabi/13.3.1/../../../../arm-none-eabi/lib/thumb/v7e-m+fp/hard/libc_nano.a(libc_a-fwalk.o)
                0x0800973c                _fwalk_sglue
 .text.printf   0x08009778       0x24 /opt/st/stm32cubeide_1.19.0/plugins/com.st.stm32cube.ide.mcu.externaltools.gnu-tools-for-stm32.13.3.rel1.linux64_1.0.0.202410170706/tools/bin/../lib/gcc/arm-none-eabi/13.3.1/../../../../arm-none-eabi/lib/thumb/v7e-m+fp/hard/libc_nano.a(libc_a-printf.o)
                0x08009778                printf
                0x08009778                iprintf
 .text._puts_r  0x0800979c       0xaa /opt/st/stm32cubeide_1.19.0/plugins/com.st.stm32cube.ide.mcu.externaltools.gnu-tools-for-stm32.13.3.rel1.linux64_1.0.0.202410170706/tools/bin/../lib/gcc/arm-none-eabi/13.3.1/../../../../arm-none-eabi/lib/thumb/v7e-m+fp/hard/libc_nano.a(libc_a-puts.o)
                0x0800979c                _puts_r
 *fill*         0x08009846        0x2 
 .text.puts     0x08009848       0x10 /opt/st/stm32cubeide_1.19.0/plugins/com.st.stm32cube.ide.mcu.externaltools.gnu-tools-for-stm32.13.3.rel1.linux64_1.0.0.202410170706/tools/bin/../lib/gcc/arm-none-eabi/13.3.1/../../../../arm-none-eabi/lib/thumb/v7e-m+fp/hard/libc_nano.a(libc_a-puts.o)
                0x08009848                puts
 .text.__sread  0x08009858       0x22 /opt/st/stm32cubeide_1.19.0/plugins/com.st.stm32cube.ide.mcu.externaltools.gnu-tools-for-stm32.13.3.rel1.linux64_1.0.0.202410170706/tools/bin/../lib/gcc/arm-none-eabi/13.3.1/../../../../arm-none-eabi/lib/thumb/v7e-m+fp/hard/libc_nano.a(libc_a-stdio.o)
                0x08009858                __sread
 .text.__swrite
                0x0800987a       0x38 /opt/st/stm32cubeide_1.19.0/plugins/com.st.stm32cube.ide.mcu.externaltools.gnu-tools-for-stm32.13.3.rel1.linux64_1.0.0.202410170706/tools/bin/../lib/gcc/arm-none-eabi/13.3.1/../../../../arm-none-eabi/lib/thumb/v7e-m+fp/hard/libc_nano.a(libc_a-stdio.o)
                0x0800987a                __swrite
 .text.__sseek  0x080098b2       0x24 /opt/st/stm32cubeide_1.19.0/plugins/com.st.stm32cube.ide.mcu.externaltools.gnu-tools-for-stm32.13.3.rel1.linux64_1.0.0.202410170706/tools/bin/../lib/gcc/arm-none-eabi/13.3.1/../../../../arm-none-eabi/lib/thumb/v7e-m+fp/hard/libc_nano.a(libc_a-stdio.o)
                0x080098b2                __sseek
 .text.__sclose
                0x080098d6        0x8 /opt/st/stm32cubeide_1.19.0/plugins/com.st.stm32cube.ide.mcu.externaltools.gnu-tools-for-stm32.13.3.rel1.linux64_1.0.0.202410170706/tools/bin/../lib/gcc/arm-none-eabi/13.3.1/../../../../arm-none-eabi/lib/thumb/v7e-m+fp/hard/libc_nano.a(libc_a-stdio.o)
                0x080098d6                __sclose
 .text.__swbuf_r
                0x080098de       0x7c /opt/st/stm32cubeide_1.19.0/plugins/com.st.stm32cube.ide.mcu.externaltools.gnu-tools-for-stm32.13.3.rel1.linux64_1.0.0.202410170706/tools/bin/../lib/gcc/arm-none-eabi/13.3.1/../../../../arm-none-eabi/lib/thumb/v7e-m+fp/hard/libc_nano.a(libc_a-wbuf.o)
                0x080098de                __swbuf_r
 *fill*         0x0800995a        0x2 
 .text.__swsetup_r
                0x0800995c       0xac /opt/st/stm32cubeide_1.19.0/plugins/com.st.stm32cube.ide.mcu.externaltools.gnu-tools-for-stm32.13.3.rel1.linux64_1.0.0.202410170706/tools/bin/../lib/gcc/arm-none-eabi/13.3.1/../../../../arm-none-eabi/lib/thumb/v7e-m+fp/hard/libc_nano.a(libc_a-wsetup.o)
                0x0800995c                __swsetup_r
 .text.memset   0x08009a08       0x10 /opt/st/stm32cubeide_1.19.0/plugins/com.st.stm32cube.ide.mcu.externaltools.gnu-tools-for-stm32.13.3.rel1.linux64_1.0.0.202410170706/tools/bin/../lib/gcc/arm-none-eabi/13.3.1/../../../../arm-none-eabi/lib/thumb/v7e-m+fp/hard/libc_nano.a(libc_a-memset.o)
                0x08009a08                memset
 .text._localeconv_r
                0x08009a18        0x8 /opt/st/stm32cubeide_1.19.0/plugins/com.st.stm32cube.ide.mcu.externaltools.gnu-tools-for-stm32.13.3.rel1.linux64_1.0.0.202410170706/tools/bin/../lib/gcc/arm-none-eabi/13.3.1/../../../../arm-none-eabi/lib/thumb/v7e-m+fp/hard/libc_nano.a(libc_a-localeconv.o)
                0x08009a18                _localeconv_r
 .text._close_r
                0x08009a20       0x20 /opt/st/stm32cubeide_1.19.0/plugins/com.st.stm32cube.ide.mcu.externaltools.gnu-tools-for-stm32.13.3.rel1.linux64_1.0.0.202410170706/tools/bin/../lib/gcc/arm-none-eabi/13.3.1/../../../../arm-none-eabi/lib/thumb/v7e-m+fp/hard/libc_nano.a(libc_a-closer.o)
                0x08009a20                _close_r
 .text._lseek_r
                0x08009a40       0x24 /opt/st/stm32cubeide_1.19.0/plugins/com.st.stm32cube.ide.mcu.externaltools.gnu-tools-for-stm32.13.3.rel1.linux64_1.0.0.202410170706/tools/bin/../lib/gcc/arm-none-eabi/13.3.1/../../../../arm-none-eabi/lib/thumb/v7e-m+fp/hard/libc_nano.a(libc_a-lseekr.o)
                0x08009a40                _lseek_r
 .text._read_r  0x08009a64       0x24 /opt/st/stm32cubeide_1.19.0/plugins/com.st.stm32cube.ide.mcu.externaltools.gnu-tools-for-stm32.13.3.rel1.linux64_1.0.0.202410170706/tools/bin/../lib/gcc/arm-none-eabi/13.3.1/../../../../arm-none-eabi/lib/thumb/v7e-m+fp/hard/libc_nano.a(libc_a-readr.o)
                0x08009a64                _read_r
 .text._sbrk_r  0x08009a88       0x20 /opt/st/stm32cubeide_1.19.0/plugins/com.st.stm32cube.ide.mcu.externaltools.gnu-tools-for-stm32.13.3.rel1.linux64_1.0.0.202410170706/tools/bin/../lib/gcc/arm-none-eabi/13.3.1/../../../../arm-none-eabi/lib/thumb/v7e-m+fp/hard/libc_nano.a(libc_a-sbrkr.o)
                0x08009a88                _sbrk_r
 .text._write_r
                0x08009aa8       0x24 /opt/st/stm32cubeide_1.19.0/plugins/com.st.stm32cube.ide.mcu.externaltools.gnu-tools-for-stm32.13.3.rel1.linux64_1.0.0.202410170706/tools/bin/../lib/gcc/arm-none-eabi/13.3.1/../../../../arm-none-eabi/lib/thumb/v7e-m+fp/hard/libc_nano.a(libc_a-writer.o)
                0x08009aa8                _write_r
 .text.__errno  0x08009acc        0xc /opt/st/stm32cubeide_1.19.0/plugins/com.st.stm32cube.ide.mcu.externaltools.gnu-tools-for-stm32.13.3.rel1.linux64_1.0.0.202410170706/tools/bin/../lib/gcc/arm-none-eabi/13.3.1/../../../../arm-none-eabi/lib/thumb/v7e-m+fp/hard/libc_nano.a(libc_a-errno.o)
                0x08009acc                __errno
 .text.__libc_init_array
                0x08009ad8       0x48 /opt/st/stm32cubeide_1.19.0/plugins/com.st.stm32cube.ide.mcu.externaltools.gnu-tools-for-stm32.13.3.rel1.linux64_1.0.0.202410170706/tools/bin/../lib/gcc/arm-none-eabi/13.3.1/../../../../arm-none-eabi/lib/thumb/v7e-m+fp/hard/libc_nano.a(libc_a-init.o)
                0x08009ad8                __libc_init_array
 .text.__retarget_lock_init_recursive
                0x08009b20        0x2 /opt/st/stm32cubeide_1.19.0/plugins/com.st.stm32cube.ide.mcu.externaltools.gnu-tools-for-stm32.13.3.rel1.linux64_1.0.0.202410170706/tools/bin/../lib/gcc/arm-none-eabi/13.3.1/../../../../arm-none-eabi/lib/thumb/v7e-m+fp/hard/libc_nano.a(libc_a-lock.o)
                0x08009b20                __retarget_lock_init_recursive
 .text.__retarget_lock_acquire_recursive
                0x08009b22        0x2 /opt/st/stm32cubeide_1.19.0/plugins/com.st.stm32cube.ide.mcu.externaltools.gnu-tools-for-stm32.13.3.rel1.linux64_1.0.0.202410170706/tools/bin/../lib/gcc/arm-none-eabi/13.3.1/../../../../arm-none-eabi/lib/thumb/v7e-m+fp/hard/libc_nano.a(libc_a-lock.o)
                0x08009b22                __retarget_lock_acquire_recursive
 .text.__retarget_lock_release_recursive
                0x08009b24        0x2 /opt/st/stm32cubeide_1.19.0/plugins/com.st.stm32cube.ide.mcu.externaltools.gnu-tools-for-stm32.13.3.rel1.linux64_1.0.0.202410170706/tools/bin/../lib/gcc/arm-none-eabi/13.3.1/../../../../arm-none-eabi/lib/thumb/v7e-m+fp/hard/libc_nano.a(libc_a-lock.o)
                0x08009b24                __retarget_lock_release_recursive
 .text.memcpy   0x08009b26       0x1c /opt/st/stm32cubeide_1.19.0/plugins/com.st.stm32cube.ide.mcu.externaltools.gnu-tools-for-stm32.13.3.rel1.linux64_1.0.0.202410170706/tools/bin/../lib/gcc/arm-none-eabi/13.3.1/../../../../arm-none-eabi/lib/thumb/v7e-m+fp/hard/libc_nano.a(libc_a-memcpy-stub.o)
                0x08009b26                memcpy
 .text.quorem   0x08009b42      0x110 /opt/st/stm32cubeide_1.19.0/plugins/com.st.stm32cube.ide.mcu.externaltools.gnu-tools-for-stm32.13.3.rel1.linux64_1.0.0.202410170706/tools/bin/../lib/gcc/arm-none-eabi/13.3.1/../../../../arm-none-eabi/lib/thumb/v7e-m+fp/hard/libc_nano.a(libc_a-dtoa.o)
 *fill*         0x08009c52        0x6 
 .text._dtoa_r  0x08009c58      0xba0 /opt/st/stm32cubeide_1.19.0/plugins/com.st.stm32cube.ide.mcu.externaltools.gnu-tools-for-stm32.13.3.rel1.linux64_1.0.0.202410170706/tools/bin/../lib/gcc/arm-none-eabi/13.3.1/../../../../arm-none-eabi/lib/thumb/v7e-m+fp/hard/libc_nano.a(libc_a-dtoa.o)
                0x08009c58                _dtoa_r
 .text._free_r  0x0800a7f8       0x94 /opt/st/stm32cubeide_1.19.0/plugins/com.st.stm32cube.ide.mcu.externaltools.gnu-tools-for-stm32.13.3.rel1.linux64_1.0.0.202410170706/tools/bin/../lib/gcc/arm-none-eabi/13.3.1/../../../../arm-none-eabi/lib/thumb/v7e-m+fp/hard/libc_nano.a(libc_a-freer.o)
                0x0800a7f8                _free_r
 .text._Balloc  0x0800a88c       0x80 /opt/st/stm32cubeide_1.19.0/plugins/com.st.stm32cube.ide.mcu.externaltools.gnu-tools-for-stm32.13.3.rel1.linux64_1.0.0.202410170706/tools/bin/../lib/gcc/arm-none-eabi/13.3.1/../../../../arm-none-eabi/lib/thumb/v7e-m+fp/hard/libc_nano.a(libc_a-mprec.o)
                0x0800a88c                _Balloc
 .text._Bfree   0x0800a90c       0x44 /opt/st/stm32cubeide_1.19.0/plugins/com.st.stm32cube.ide.mcu.externaltools.gnu-tools-for-stm32.13.3.rel1.linux64_1.0.0.202410170706/tools/bin/../lib/gcc/arm-none-eabi/13.3.1/../../../../arm-none-eabi/lib/thumb/v7e-m+fp/hard/libc_nano.a(libc_a-mprec.o)
                0x0800a90c                _Bfree
 .text.__multadd
                0x0800a950       0x8c /opt/st/stm32cubeide_1.19.0/plugins/com.st.stm32cube.ide.mcu.externaltools.gnu-tools-for-stm32.13.3.rel1.linux64_1.0.0.202410170706/tools/bin/../lib/gcc/arm-none-eabi/13.3.1/../../../../arm-none-eabi/lib/thumb/v7e-m+fp/hard/libc_nano.a(libc_a-mprec.o)
                0x0800a950                __multadd
 .text.__hi0bits
                0x0800a9dc       0x3e /opt/st/stm32cubeide_1.19.0/plugins/com.st.stm32cube.ide.mcu.externaltools.gnu-tools-for-stm32.13.3.rel1.linux64_1.0.0.202410170706/tools/bin/../lib/gcc/arm-none-eabi/13.3.1/../../../../arm-none-eabi/lib/thumb/v7e-m+fp/hard/libc_nano.a(libc_a-mprec.o)
                0x0800a9dc                __hi0bits
 .text.__lo0bits
                0x0800aa1a       0x5a /opt/st/stm32cubeide_1.19.0/plugins/com.st.stm32cube.ide.mcu.externaltools.gnu-tools-for-stm32.13.3.rel1.linux64_1.0.0.202410170706/tools/bin/../lib/gcc/arm-none-eabi/13.3.1/../../../../arm-none-eabi/lib/thumb/v7e-m+fp/hard/libc_nano.a(libc_a-mprec.o)
                0x0800aa1a                __lo0bits
 .text.__i2b    0x0800aa74       0x2c /opt/st/stm32cubeide_1.19.0/plugins/com.st.stm32cube.ide.mcu.externaltools.gnu-tools-for-stm32.13.3.rel1.linux64_1.0.0.202410170706/tools/bin/../lib/gcc/arm-none-eabi/13.3.1/../../../../arm-none-eabi/lib/thumb/v7e-m+fp/hard/libc_nano.a(libc_a-mprec.o)
                0x0800aa74                __i2b
 .text.__multiply
                0x0800aaa0      0x144 /opt/st/stm32cubeide_1.19.0/plugins/com.st.stm32cube.ide.mcu.externaltools.gnu-tools-for-stm32.13.3.rel1.linux64_1.0.0.202410170706/tools/bin/../lib/gcc/arm-none-eabi/13.3.1/../../../../arm-none-eabi/lib/thumb/v7e-m+fp/hard/libc_nano.a(libc_a-mprec.o)
                0x0800aaa0                __multiply
 .text.__pow5mult
                0x0800abe4       0xb4 /opt/st/stm32cubeide_1.19.0/plugins/com.st.stm32cube.ide.mcu.externaltools.gnu-tools-for-stm32.13.3.rel1.linux64_1.0.0.202410170706/tools/bin/../lib/gcc/arm-none-eabi/13.3.1/../../../../arm-none-eabi/lib/thumb/v7e-m+fp/hard/libc_nano.a(libc_a-mprec.o)
                0x0800abe4                __pow5mult
 .text.__lshift
                0x0800ac98       0xd8 /opt/st/stm32cubeide_1.19.0/plugins/com.st.stm32cube.ide.mcu.externaltools.gnu-tools-for-stm32.13.3.rel1.linux64_1.0.0.202410170706/tools/bin/../lib/gcc/arm-none-eabi/13.3.1/../../../../arm-none-eabi/lib/thumb/v7e-m+fp/hard/libc_nano.a(libc_a-mprec.o)
                0x0800ac98                __lshift
 .text.__mcmp   0x0800ad70       0x36 /opt/st/stm32cubeide_1.19.0/plugins/com.st.stm32cube.ide.mcu.externaltools.gnu-tools-for-stm32.13.3.rel1.linux64_1.0.0.202410170706/tools/bin/../lib/gcc/arm-none-eabi/13.3.1/../../../../arm-none-eabi/lib/thumb/v7e-m+fp/hard/libc_nano.a(libc_a-mprec.o)
                0x0800ad70                __mcmp
 *fill*         0x0800ada6        0x2 
 .text.__mdiff  0x0800ada8      0x128 /opt/st/stm32cubeide_1.19.0/plugins/com.st.stm32cube.ide.mcu.externaltools.gnu-tools-for-stm32.13.3.rel1.linux64_1.0.0.202410170706/tools/bin/../lib/gcc/arm-none-eabi/13.3.1/../../../../arm-none-eabi/lib/thumb/v7e-m+fp/hard/libc_nano.a(libc_a-mprec.o)
                0x0800ada8                __mdiff
 .text.__d2b    0x0800aed0       0xb0 /opt/st/stm32cubeide_1.19.0/plugins/com.st.stm32cube.ide.mcu.externaltools.gnu-tools-for-stm32.13.3.rel1.linux64_1.0.0.202410170706/tools/bin/../lib/gcc/arm-none-eabi/13.3.1/../../../../arm-none-eabi/lib/thumb/v7e-m+fp/hard/libc_nano.a(libc_a-mprec.o)
                0x0800aed0                __d2b
 .text.__sfputc_r
                0x0800af80       0x2e /opt/st/stm32cubeide_1.19.0/plugins/com.st.stm32cube.ide.mcu.externaltools.gnu-tools-for-stm32.13.3.rel1.linux64_1.0.0.202410170706/tools/bin/../lib/gcc/arm-none-eabi/13.3.1/../../../../arm-none-eabi/lib/thumb/v7e-m+fp/hard/libc_nano.a(libc_a-nano-vfprintf.o)
 .text.__sfputs_r
                0x0800afae       0x24 /opt/st/stm32cubeide_1.19.0/plugins/com.st.stm32cube.ide.mcu.externaltools.gnu-tools-for-stm32.13.3.rel1.linux64_1.0.0.202410170706/tools/bin/../lib/gcc/arm-none-eabi/13.3.1/../../../../arm-none-eabi/lib/thumb/v7e-m+fp/hard/libc_nano.a(libc_a-nano-vfprintf.o)
                0x0800afae                __sfputs_r
 *fill*         0x0800afd2        0x2 
 .text._vfprintf_r
                0x0800afd4      0x230 /opt/st/stm32cubeide_1.19.0/plugins/com.st.stm32cube.ide.mcu.externaltools.gnu-tools-for-stm32.13.3.rel1.linux64_1.0.0.202410170706/tools/bin/../lib/gcc/arm-none-eabi/13.3.1/../../../../arm-none-eabi/lib/thumb/v7e-m+fp/hard/libc_nano.a(libc_a-nano-vfprintf.o)
                0x0800afd4                _vfiprintf_r
                0x0800afd4                _vfprintf_r
 .text.__sflush_r
                0x0800b204      0x108 /opt/st/stm32cubeide_1.19.0/plugins/com.st.stm32cube.ide.mcu.externaltools.gnu-tools-for-stm32.13.3.rel1.linux64_1.0.0.202410170706/tools/bin/../lib/gcc/arm-none-eabi/13.3.1/../../../../arm-none-eabi/lib/thumb/v7e-m+fp/hard/libc_nano.a(libc_a-fflush.o)
                0x0800b204                __sflush_r
 .text._fflush_r
                0x0800b30c       0x50 /opt/st/stm32cubeide_1.19.0/plugins/com.st.stm32cube.ide.mcu.externaltools.gnu-tools-for-stm32.13.3.rel1.linux64_1.0.0.202410170706/tools/bin/../lib/gcc/arm-none-eabi/13.3.1/../../../../arm-none-eabi/lib/thumb/v7e-m+fp/hard/libc_nano.a(libc_a-fflush.o)
                0x0800b30c                _fflush_r
 .text.__swhatbuf_r
                0x0800b35c       0x4c /opt/st/stm32cubeide_1.19.0/plugins/com.st.stm32cube.ide.mcu.externaltools.gnu-tools-for-stm32.13.3.rel1.linux64_1.0.0.202410170706/tools/bin/../lib/gcc/arm-none-eabi/13.3.1/../../../../arm-none-eabi/lib/thumb/v7e-m+fp/hard/libc_nano.a(libc_a-makebuf.o)
                0x0800b35c                __swhatbuf_r
 .text.__smakebuf_r
                0x0800b3a8       0x78 /opt/st/stm32cubeide_1.19.0/plugins/com.st.stm32cube.ide.mcu.externaltools.gnu-tools-for-stm32.13.3.rel1.linux64_1.0.0.202410170706/tools/bin/../lib/gcc/arm-none-eabi/13.3.1/../../../../arm-none-eabi/lib/thumb/v7e-m+fp/hard/libc_nano.a(libc_a-makebuf.o)
                0x0800b3a8                __smakebuf_r
 .text._fstat_r
                0x0800b420       0x24 /opt/st/stm32cubeide_1.19.0/plugins/com.st.stm32cube.ide.mcu.externaltools.gnu-tools-for-stm32.13.3.rel1.linux64_1.0.0.202410170706/tools/bin/../lib/gcc/arm-none-eabi/13.3.1/../../../../arm-none-eabi/lib/thumb/v7e-m+fp/hard/libc_nano.a(libc_a-fstatr.o)
                0x0800b420                _fstat_r
 .text._isatty_r
                0x0800b444       0x20 /opt/st/stm32cubeide_1.19.0/plugins/com.st.stm32cube.ide.mcu.externaltools.gnu-tools-for-stm32.13.3.rel1.linux64_1.0.0.202410170706/tools/bin/../lib/gcc/arm-none-eabi/13.3.1/../../../../arm-none-eabi/lib/thumb/v7e-m+fp/hard/libc_nano.a(libc_a-isattyr.o)
                0x0800b444                _isatty_r
 .text.__assert_func
                0x0800b464       0x3c /opt/st/stm32cubeide_1.19.0/plugins/com.st.stm32cube.ide.mcu.externaltools.gnu-tools-for-stm32.13.3.rel1.linux64_1.0.0.202410170706/tools/bin/../lib/gcc/arm-none-eabi/13.3.1/../../../../arm-none-eabi/lib/thumb/v7e-m+fp/hard/libc_nano.a(libc_a-assert.o)
                0x0800b464                __assert_func
 .text._calloc_r
                0x0800b4a0       0x28 /opt/st/stm32cubeide_1.19.0/plugins/com.st.stm32cube.ide.mcu.externaltools.gnu-tools-for-stm32.13.3.rel1.linux64_1.0.0.202410170706/tools/bin/../lib/gcc/arm-none-eabi/13.3.1/../../../../arm-none-eabi/lib/thumb/v7e-m+fp/hard/libc_nano.a(libc_a-callocr.o)
                0x0800b4a0                _calloc_r
 .text.__ascii_mbtowc
                0x0800b4c8       0x24 /opt/st/stm32cubeide_1.19.0/plugins/com.st.stm32cube.ide.mcu.externaltools.gnu-tools-for-stm32.13.3.rel1.linux64_1.0.0.202410170706/tools/bin/../lib/gcc/arm-none-eabi/13.3.1/../../../../arm-none-eabi/lib/thumb/v7e-m+fp/hard/libc_nano.a(libc_a-mbtowc_r.o)
                0x0800b4c8                __ascii_mbtowc
 .text.__ascii_wctomb
                0x0800b4ec       0x1a /opt/st/stm32cubeide_1.19.0/plugins/com.st.stm32cube.ide.mcu.externaltools.gnu-tools-for-stm32.13.3.rel1.linux64_1.0.0.202410170706/tools/bin/../lib/gcc/arm-none-eabi/13.3.1/../../../../arm-none-eabi/lib/thumb/v7e-m+fp/hard/libc_nano.a(libc_a-wctomb_r.o)
                0x0800b4ec                __ascii_wctomb
 *fill*         0x0800b506        0x2 
 .text.fprintf  0x0800b508       0x24 /opt/st/stm32cubeide_1.19.0/plugins/com.st.stm32cube.ide.mcu.externaltools.gnu-tools-for-stm32.13.3.rel1.linux64_1.0.0.202410170706/tools/bin/../lib/gcc/arm-none-eabi/13.3.1/../../../../arm-none-eabi/lib/thumb/v7e-m+fp/hard/libc_nano.a(libc_a-fprintf.o)
                0x0800b508                fprintf
                0x0800b508                fiprintf
 .text.abort    0x0800b52c        0xe /opt/st/stm32cubeide_1.19.0/plugins/com.st.stm32cube.ide.mcu.externaltools.gnu-tools-for-stm32.13.3.rel1.linux64_1.0.0.202410170706/tools/bin/../lib/gcc/arm-none-eabi/13.3.1/../../../../arm-none-eabi/lib/thumb/v7e-m+fp/hard/libc_nano.a(libc_a-abort.o)
                0x0800b52c                abort
 .text._raise_r
                0x0800b53a       0x50 /opt/st/stm32cubeide_1.19.0/plugins/com.st.stm32cube.ide.mcu.externaltools.gnu-tools-for-stm32.13.3.rel1.linux64_1.0.0.202410170706/tools/bin/../lib/gcc/arm-none-eabi/13.3.1/../../../../arm-none-eabi/lib/thumb/v7e-m+fp/hard/libc_nano.a(libc_a-signal.o)
                0x0800b53a                _raise_r
 *fill*         0x0800b58a        0x2 
 .text.raise    0x0800b58c       0x10 /opt/st/stm32cubeide_1.19.0/plugins/com.st.stm32cube.ide.mcu.externaltools.gnu-tools-for-stm32.13.3.rel1.linux64_1.0.0.202410170706/tools/bin/../lib/gcc/arm-none-eabi/13.3.1/../../../../arm-none-eabi/lib/thumb/v7e-m+fp/hard/libc_nano.a(libc_a-signal.o)
                0x0800b58c                raise
 .text._kill_r  0x0800b59c       0x24 /opt/st/stm32cubeide_1.19.0/plugins/com.st.stm32cube.ide.mcu.externaltools.gnu-tools-for-stm32.13.3.rel1.linux64_1.0.0.202410170706/tools/bin/../lib/gcc/arm-none-eabi/13.3.1/../../../../arm-none-eabi/lib/thumb/v7e-m+fp/hard/libc_nano.a(libc_a-signalr.o)
                0x0800b59c                _kill_r
 .text._getpid_r
                0x0800b5c0        0x4 /opt/st/stm32cubeide_1.19.0/plugins/com.st.stm32cube.ide.mcu.externaltools.gnu-tools-for-stm32.13.3.rel1.linux64_1.0.0.202410170706/tools/bin/../lib/gcc/arm-none-eabi/13.3.1/../../../../arm-none-eabi/lib/thumb/v7e-m+fp/hard/libc_nano.a(libc_a-signalr.o)
                0x0800b5c0                _getpid_r
 .text.expf     0x0800b5c4       0x6c /opt/st/stm32cubeide_1.19.0/plugins/com.st.stm32cube.ide.mcu.externaltools.gnu-tools-for-stm32.13.3.rel1.linux64_1.0.0.202410170706/tools/bin/../lib/gcc/arm-none-eabi/13.3.1/../../../../arm-none-eabi/lib/thumb/v7e-m+fp/hard/libm.a(libm_a-wf_exp.o)
                0x0800b5c4                expf
 .text.finitef  0x0800b630       0x14 /opt/st/stm32cubeide_1.19.0/plugins/com.st.stm32cube.ide.mcu.externaltools.gnu-tools-for-stm32.13.3.rel1.linux64_1.0.0.202410170706/tools/bin/../lib/gcc/arm-none-eabi/13.3.1/../../../../arm-none-eabi/lib/thumb/v7e-m+fp/hard/libm.a(libm_a-sf_finite.o)
                0x0800b630                finitef
 .text.with_errnof
                0x0800b644       0x1c /opt/st/stm32cubeide_1.19.0/plugins/com.st.stm32cube.ide.mcu.externaltools.gnu-tools-for-stm32.13.3.rel1.linux64_1.0.0.202410170706/tools/bin/../lib/gcc/arm-none-eabi/13.3.1/../../../../arm-none-eabi/lib/thumb/v7e-m+fp/hard/libm.a(libm_a-math_errf.o)
 .text.xflowf   0x0800b660       0x16 /opt/st/stm32cubeide_1.19.0/plugins/com.st.stm32cube.ide.mcu.externaltools.gnu-tools-for-stm32.13.3.rel1.linux64_1.0.0.202410170706/tools/bin/../lib/gcc/arm-none-eabi/13.3.1/../../../../arm-none-eabi/lib/thumb/v7e-m+fp/hard/libm.a(libm_a-math_errf.o)
 *fill*         0x0800b676        0x2 
 .text.__math_uflowf
                0x0800b678        0xc /opt/st/stm32cubeide_1.19.0/plugins/com.st.stm32cube.ide.mcu.externaltools.gnu-tools-for-stm32.13.3.rel1.linux64_1.0.0.202410170706/tools/bin/../lib/gcc/arm-none-eabi/13.3.1/../../../../arm-none-eabi/lib/thumb/v7e-m+fp/hard/libm.a(libm_a-math_errf.o)
                0x0800b678                __math_uflowf
 .text.__math_oflowf
                0x0800b684        0xc /opt/st/stm32cubeide_1.19.0/plugins/com.st.stm32cube.ide.mcu.externaltools.gnu-tools-for-stm32.13.3.rel1.linux64_1.0.0.202410170706/tools/bin/../lib/gcc/arm-none-eabi/13.3.1/../../../../arm-none-eabi/lib/thumb/v7e-m+fp/hard/libm.a(libm_a-math_errf.o)
                0x0800b684                __math_oflowf
 .text.__ieee754_expf
                0x0800b690      0x19c /opt/st/stm32cubeide_1.19.0/plugins/com.st.stm32cube.ide.mcu.externaltools.gnu-tools-for-stm32.13.3.rel1.linux64_1.0.0.202410170706/tools/bin/../lib/gcc/arm-none-eabi/13.3.1/../../../../arm-none-eabi/lib/thumb/v7e-m+fp/hard/libm.a(libm_a-ef_exp.o)
                0x0800b690                __ieee754_expf
 .text._close   0x0800b82c       0x10 /opt/st/stm32cubeide_1.19.0/plugins/com.st.stm32cube.ide.mcu.externaltools.gnu-tools-for-stm32.13.3.rel1.linux64_1.0.0.202410170706/tools/bin/../lib/gcc/arm-none-eabi/13.3.1/../../../../arm-none-eabi/lib/thumb/v7e-m+fp/hard/libnosys.a(close.o)
                0x0800b82c                _close
 .text._fstat   0x0800b83c       0x10 /opt/st/stm32cubeide_1.19.0/plugins/com.st.stm32cube.ide.mcu.externaltools.gnu-tools-for-stm32.13.3.rel1.linux64_1.0.0.202410170706/tools/bin/../lib/gcc/arm-none-eabi/13.3.1/../../../../arm-none-eabi/lib/thumb/v7e-m+fp/hard/libnosys.a(fstat.o)
                0x0800b83c                _fstat
 .text._getpid  0x0800b84c       0x10 /opt/st/stm32cubeide_1.19.0/plugins/com.st.stm32cube.ide.mcu.externaltools.gnu-tools-for-stm32.13.3.rel1.linux64_1.0.0.202410170706/tools/bin/../lib/gcc/arm-none-eabi/13.3.1/../../../../arm-none-eabi/lib/thumb/v7e-m+fp/hard/libnosys.a(getpid.o)
                0x0800b84c                _getpid
 .text._isatty  0x0800b85c       0x10 /opt/st/stm32cubeide_1.19.0/plugins/com.st.stm32cube.ide.mcu.externaltools.gnu-tools-for-stm32.13.3.rel1.linux64_1.0.0.202410170706/tools/bin/../lib/gcc/arm-none-eabi/13.3.1/../../../../arm-none-eabi/lib/thumb/v7e-m+fp/hard/libnosys.a(isatty.o)
                0x0800b85c                _isatty
 .text._kill    0x0800b86c       0x10 /opt/st/stm32cubeide_1.19.0/plugins/com.st.stm32cube.ide.mcu.externaltools.gnu-tools-for-stm32.13.3.rel1.linux64_1.0.0.202410170706/tools/bin/../lib/gcc/arm-none-eabi/13.3.1/../../../../arm-none-eabi/lib/thumb/v7e-m+fp/hard/libnosys.a(kill.o)
                0x0800b86c                _kill
 .text._lseek   0x0800b87c       0x10 /opt/st/stm32cubeide_1.19.0/plugins/com.st.stm32cube.ide.mcu.externaltools.gnu-tools-for-stm32.13.3.rel1.linux64_1.0.0.202410170706/tools/bin/../lib/gcc/arm-none-eabi/13.3.1/../../../../arm-none-eabi/lib/thumb/v7e-m+fp/hard/libnosys.a(lseek.o)
                0x0800b87c                _lseek
 .text._read    0x0800b88c       0x10 /opt/st/stm32cubeide_1.19.0/plugins/com.st.stm32cube.ide.mcu.externaltools.gnu-tools-for-stm32.13.3.rel1.linux64_1.0.0.202410170706/tools/bin/../lib/gcc/arm-none-eabi/13.3.1/../../../../arm-none-eabi/lib/thumb/v7e-m+fp/hard/libnosys.a(read.o)
                0x0800b88c                _read
 .text._exit    0x0800b89c        0x2 /opt/st/stm32cubeide_1.19.0/plugins/com.st.stm32cube.ide.mcu.externaltools.gnu-tools-for-stm32.13.3.rel1.linux64_1.0.0.202410170706/tools/bin/../lib/gcc/arm-none-eabi/13.3.1/../../../../arm-none-eabi/lib/thumb/v7e-m+fp/hard/libnosys.a(_exit.o)
                0x0800b89c                _exit
 *(.glue_7)
 .glue_7        0x0800b89e        0x0 linker stubs
 *(.glue_7t)
 .glue_7t       0x0800b89e        0x0 linker stubs
 *(.eh_frame)
 *fill*         0x0800b89e        0x2 
 .eh_frame      0x0800b8a0        0x0 /opt/st/stm32cubeide_1.19.0/plugins/com.st.stm32cube.ide.mcu.externaltools.gnu-tools-for-stm32.13.3.rel1.linux64_1.0.0.202410170706/tools/bin/../lib/gcc/arm-none-eabi/13.3.1/thumb/v7e-m+fp/hard/crtbegin.o
 *(.init)
 .init          0x0800b8a0        0x4 /opt/st/stm32cubeide_1.19.0/plugins/com.st.stm32cube.ide.mcu.externaltools.gnu-tools-for-stm32.13.3.rel1.linux64_1.0.0.202410170706/tools/bin/../lib/gcc/arm-none-eabi/13.3.1/thumb/v7e-m+fp/hard/crti.o
                0x0800b8a0                _init
 .init          0x0800b8a4        0x8 /opt/st/stm32cubeide_1.19.0/plugins/com.st.stm32cube.ide.mcu.externaltools.gnu-tools-for-stm32.13.3.rel1.linux64_1.0.0.202410170706/tools/bin/../lib/gcc/arm-none-eabi/13.3.1/thumb/v7e-m+fp/hard/crtn.o
 *(.fini)
 .fini          0x0800b8ac        0x4 /opt/st/stm32cubeide_1.19.0/plugins/com.st.stm32cube.ide.mcu.externaltools.gnu-tools-for-stm32.13.3.rel1.linux64_1.0.0.202410170706/tools/bin/../lib/gcc/arm-none-eabi/13.3.1/thumb/v7e-m+fp/hard/crti.o
                0x0800b8ac                _fini
 .fini          0x0800b8b0        0x8 /opt/st/stm32cubeide_1.19.0/plugins/com.st.stm32cube.ide.mcu.externaltools.gnu-tools-for-stm32.13.3.rel1.linux64_1.0.0.202410170706/tools/bin/../lib/gcc/arm-none-eabi/13.3.1/thumb/v7e-m+fp/hard/crtn.o
                0x0800b8b8                        . = ALIGN (0x4)
                0x0800b8b8                        _etext = .

.vfp11_veneer   0x0800b8b8        0x0
 .vfp11_veneer  0x0800b8b8        0x0 linker stubs

.v4_bx          0x0800b8b8        0x0
 .v4_bx         0x0800b8b8        0x0 linker stubs

.iplt           0x0800b8b8        0x0
 .iplt          0x0800b8b8        0x0 /opt/st/stm32cubeide_1.19.0/plugins/com.st.stm32cube.ide.mcu.externaltools.gnu-tools-for-stm32.13.3.rel1.linux64_1.0.0.202410170706/tools/bin/../lib/gcc/arm-none-eabi/13.3.1/thumb/v7e-m+fp/hard/crtbegin.o

.rodata         0x0800b8c0     0x1bbc
                0x0800b8c0                        . = ALIGN (0x4)
 *(.rodata)
 .rodata        0x0800b8c0       0xa4 ./Core/Src/main.o
 .rodata        0x0800b964       0x30 ./X-CUBE-AI/App/network_data.o
 *(.rodata*)
 .rodata.AHBPrescTable
                0x0800b994       0x10 ./Core/Src/system_stm32l4xx.o
                0x0800b994                AHBPrescTable
 .rodata.APBPrescTable
                0x0800b9a4        0x8 ./Core/Src/system_stm32l4xx.o
                0x0800b9a4                APBPrescTable
 .rodata.MSIRangeTable
                0x0800b9ac       0x30 ./Core/Src/system_stm32l4xx.o
                0x0800b9ac                MSIRangeTable
 .rodata.activation_chain
                0x0800b9dc        0x8 ./X-CUBE-AI/App/network.o
 .rodata.dense_chain
                0x0800b9e4        0x8 ./X-CUBE-AI/App/network.o
 .rodata.global_max_pooling2d_pool_chain
                0x0800b9ec        0x8 ./X-CUBE-AI/App/network.o
 .rodata.conv2d_1_chain
                0x0800b9f4        0x8 ./X-CUBE-AI/App/network.o
 .rodata.conv2d_chain
                0x0800b9fc        0x8 ./X-CUBE-AI/App/network.o
 *fill*         0x0800ba04       0x1c 
 .rodata.s_network_weights_array_u64
                0x0800ba20     0x16d0 ./X-CUBE-AI/App/network_data_params.o
                0x0800ba20                s_network_weights_array_u64
 .rodata._printf_float.str1.1
                0x0800d0f0      0x171 /opt/st/stm32cubeide_1.19.0/plugins/com.st.stm32cube.ide.mcu.externaltools.gnu-tools-for-stm32.13.3.rel1.linux64_1.0.0.202410170706/tools/bin/../lib/gcc/arm-none-eabi/13.3.1/../../../../arm-none-eabi/lib/thumb/v7e-m+fp/hard/libc_nano.a(libc_a-nano-vfprintf_float.o)
                                 0x12 (size before relaxing)
 .rodata._printf_i.str1.1
                0x0800d261       0x22 /opt/st/stm32cubeide_1.19.0/plugins/com.st.stm32cube.ide.mcu.externaltools.gnu-tools-for-stm32.13.3.rel1.linux64_1.0.0.202410170706/tools/bin/../lib/gcc/arm-none-eabi/13.3.1/../../../../arm-none-eabi/lib/thumb/v7e-m+fp/hard/libc_nano.a(libc_a-nano-vfprintf_i.o)
 .rodata._dtoa_r.str1.1
                0x0800d261       0x8f /opt/st/stm32cubeide_1.19.0/plugins/com.st.stm32cube.ide.mcu.externaltools.gnu-tools-for-stm32.13.3.rel1.linux64_1.0.0.202410170706/tools/bin/../lib/gcc/arm-none-eabi/13.3.1/../../../../arm-none-eabi/lib/thumb/v7e-m+fp/hard/libc_nano.a(libc_a-dtoa.o)
 .rodata._Balloc.str1.1
                0x0800d261       0x70 /opt/st/stm32cubeide_1.19.0/plugins/com.st.stm32cube.ide.mcu.externaltools.gnu-tools-for-stm32.13.3.rel1.linux64_1.0.0.202410170706/tools/bin/../lib/gcc/arm-none-eabi/13.3.1/../../../../arm-none-eabi/lib/thumb/v7e-m+fp/hard/libc_nano.a(libc_a-mprec.o)
 .rodata.__multadd.str1.1
                0x0800d261       0x11 /opt/st/stm32cubeide_1.19.0/plugins/com.st.stm32cube.ide.mcu.externaltools.gnu-tools-for-stm32.13.3.rel1.linux64_1.0.0.202410170706/tools/bin/../lib/gcc/arm-none-eabi/13.3.1/../../../../arm-none-eabi/lib/thumb/v7e-m+fp/hard/libc_nano.a(libc_a-mprec.o)
 *fill*         0x0800d261        0x3 
 .rodata.p05.0  0x0800d264        0xc /opt/st/stm32cubeide_1.19.0/plugins/com.st.stm32cube.ide.mcu.externaltools.gnu-tools-for-stm32.13.3.rel1.linux64_1.0.0.202410170706/tools/bin/../lib/gcc/arm-none-eabi/13.3.1/../../../../arm-none-eabi/lib/thumb/v7e-m+fp/hard/libc_nano.a(libc_a-mprec.o)
 .rodata.__mprec_bigtens
                0x0800d270       0x28 /opt/st/stm32cubeide_1.19.0/plugins/com.st.stm32cube.ide.mcu.externaltools.gnu-tools-for-stm32.13.3.rel1.linux64_1.0.0.202410170706/tools/bin/../lib/gcc/arm-none-eabi/13.3.1/../../../../arm-none-eabi/lib/thumb/v7e-m+fp/hard/libc_nano.a(libc_a-mprec.o)
                0x0800d270                __mprec_bigtens
 .rodata.__mprec_tens
                0x0800d298       0xc8 /opt/st/stm32cubeide_1.19.0/plugins/com.st.stm32cube.ide.mcu.externaltools.gnu-tools-for-stm32.13.3.rel1.linux64_1.0.0.202410170706/tools/bin/../lib/gcc/arm-none-eabi/13.3.1/../../../../arm-none-eabi/lib/thumb/v7e-m+fp/hard/libc_nano.a(libc_a-mprec.o)
                0x0800d298                __mprec_tens
 .rodata._vfprintf_r.str1.1
                0x0800d360       0x11 /opt/st/stm32cubeide_1.19.0/plugins/com.st.stm32cube.ide.mcu.externaltools.gnu-tools-for-stm32.13.3.rel1.linux64_1.0.0.202410170706/tools/bin/../lib/gcc/arm-none-eabi/13.3.1/../../../../arm-none-eabi/lib/thumb/v7e-m+fp/hard/libc_nano.a(libc_a-nano-vfprintf.o)
 .rodata._setlocale_r.str1.1
                0x0800d360        0x9 /opt/st/stm32cubeide_1.19.0/plugins/com.st.stm32cube.ide.mcu.externaltools.gnu-tools-for-stm32.13.3.rel1.linux64_1.0.0.202410170706/tools/bin/../lib/gcc/arm-none-eabi/13.3.1/../../../../arm-none-eabi/lib/thumb/v7e-m+fp/hard/libc_nano.a(libc_a-locale.o)
 .rodata.str1.1
                0x0800d360        0x2 /opt/st/stm32cubeide_1.19.0/plugins/com.st.stm32cube.ide.mcu.externaltools.gnu-tools-for-stm32.13.3.rel1.linux64_1.0.0.202410170706/tools/bin/../lib/gcc/arm-none-eabi/13.3.1/../../../../arm-none-eabi/lib/thumb/v7e-m+fp/hard/libc_nano.a(libc_a-locale.o)
 .rodata.__assert_func.str1.1
                0x0800d360       0x3d /opt/st/stm32cubeide_1.19.0/plugins/com.st.stm32cube.ide.mcu.externaltools.gnu-tools-for-stm32.13.3.rel1.linux64_1.0.0.202410170706/tools/bin/../lib/gcc/arm-none-eabi/13.3.1/../../../../arm-none-eabi/lib/thumb/v7e-m+fp/hard/libc_nano.a(libc_a-assert.o)
 .rodata._ctype_
                0x0800d360      0x101 /opt/st/stm32cubeide_1.19.0/plugins/com.st.stm32cube.ide.mcu.externaltools.gnu-tools-for-stm32.13.3.rel1.linux64_1.0.0.202410170706/tools/bin/../lib/gcc/arm-none-eabi/13.3.1/../../../../arm-none-eabi/lib/thumb/v7e-m+fp/hard/libc_nano.a(libc_a-ctype_.o)
                0x0800d360                _ctype_
 *fill*         0x0800d461        0x3 
 .rodata.ln2LO  0x0800d464        0x8 /opt/st/stm32cubeide_1.19.0/plugins/com.st.stm32cube.ide.mcu.externaltools.gnu-tools-for-stm32.13.3.rel1.linux64_1.0.0.202410170706/tools/bin/../lib/gcc/arm-none-eabi/13.3.1/../../../../arm-none-eabi/lib/thumb/v7e-m+fp/hard/libm.a(libm_a-ef_exp.o)
 .rodata.ln2HI  0x0800d46c        0x8 /opt/st/stm32cubeide_1.19.0/plugins/com.st.stm32cube.ide.mcu.externaltools.gnu-tools-for-stm32.13.3.rel1.linux64_1.0.0.202410170706/tools/bin/../lib/gcc/arm-none-eabi/13.3.1/../../../../arm-none-eabi/lib/thumb/v7e-m+fp/hard/libm.a(libm_a-ef_exp.o)
 .rodata.halF   0x0800d474        0x8 /opt/st/stm32cubeide_1.19.0/plugins/com.st.stm32cube.ide.mcu.externaltools.gnu-tools-for-stm32.13.3.rel1.linux64_1.0.0.202410170706/tools/bin/../lib/gcc/arm-none-eabi/13.3.1/../../../../arm-none-eabi/lib/thumb/v7e-m+fp/hard/libm.a(libm_a-ef_exp.o)
                0x0800d47c                        . = ALIGN (0x4)

.ARM.extab      0x0800d47c        0x0
                0x0800d47c                        . = ALIGN (0x4)
 *(.ARM.extab* .gnu.linkonce.armextab.*)
                0x0800d47c                        . = ALIGN (0x4)

.ARM            0x0800d47c        0x8
                0x0800d47c                        . = ALIGN (0x4)
                0x0800d47c                        __exidx_start = .
 *(.ARM.exidx*)
 .ARM.exidx     0x0800d47c        0x8 /opt/st/stm32cubeide_1.19.0/plugins/com.st.stm32cube.ide.mcu.externaltools.gnu-tools-for-stm32.13.3.rel1.linux64_1.0.0.202410170706/tools/bin/../lib/gcc/arm-none-eabi/13.3.1/../../../../arm-none-eabi/lib/thumb/v7e-m+fp/hard/libc_nano.a(libc_a-memchr.o)
 .ARM.exidx     0x0800d484        0x0 /opt/st/stm32cubeide_1.19.0/plugins/com.st.stm32cube.ide.mcu.externaltools.gnu-tools-for-stm32.13.3.rel1.linux64_1.0.0.202410170706/tools/bin/../lib/gcc/arm-none-eabi/13.3.1/../../../../arm-none-eabi/lib/thumb/v7e-m+fp/hard/libc_nano.a(libc_a-strlen.o)
                                  0x8 (size before relaxing)
 .ARM.exidx     0x0800d484        0x0 /opt/st/stm32cubeide_1.19.0/plugins/com.st.stm32cube.ide.mcu.externaltools.gnu-tools-for-stm32.13.3.rel1.linux64_1.0.0.202410170706/tools/bin/../lib/gcc/arm-none-eabi/13.3.1/thumb/v7e-m+fp/hard/libgcc.a(_udivmoddi4.o)
                                  0x8 (size before relaxing)
                0x0800d484                        __exidx_end = .
                0x0800d484                        . = ALIGN (0x4)

.preinit_array  0x0800d484        0x0
                0x0800d484                        . = ALIGN (0x4)
                0x0800d484                        PROVIDE (__preinit_array_start = .)
 *(.preinit_array*)
                0x0800d484                        PROVIDE (__preinit_array_end = .)
                0x0800d484                        . = ALIGN (0x4)

.init_array     0x0800d484        0x4
                0x0800d484                        . = ALIGN (0x4)
                0x0800d484                        PROVIDE (__init_array_start = .)
 *(SORT_BY_NAME(.init_array.*))
 *(.init_array*)
 .init_array    0x0800d484        0x4 /opt/st/stm32cubeide_1.19.0/plugins/com.st.stm32cube.ide.mcu.externaltools.gnu-tools-for-stm32.13.3.rel1.linux64_1.0.0.202410170706/tools/bin/../lib/gcc/arm-none-eabi/13.3.1/thumb/v7e-m+fp/hard/crtbegin.o
                0x0800d488                        PROVIDE (__init_array_end = .)
                0x0800d488                        . = ALIGN (0x4)

.fini_array     0x0800d488        0x4
                0x0800d488                        . = ALIGN (0x4)
                [!provide]                        PROVIDE (__fini_array_start = .)
 *(SORT_BY_NAME(.fini_array.*))
 *(.fini_array*)
 .fini_array    0x0800d488        0x4 /opt/st/stm32cubeide_1.19.0/plugins/com.st.stm32cube.ide.mcu.externaltools.gnu-tools-for-stm32.13.3.rel1.linux64_1.0.0.202410170706/tools/bin/../lib/gcc/arm-none-eabi/13.3.1/thumb/v7e-m+fp/hard/crtbegin.o
                [!provide]                        PROVIDE (__fini_array_end = .)
                0x0800d48c                        . = ALIGN (0x4)
                0x0800d48c                        _sidata = LOADADDR (.data)

.rel.dyn        0x0800d48c        0x0
 .rel.iplt      0x0800d48c        0x0 /opt/st/stm32cubeide_1.19.0/plugins/com.st.stm32cube.ide.mcu.externaltools.gnu-tools-for-stm32.13.3.rel1.linux64_1.0.0.202410170706/tools/bin/../lib/gcc/arm-none-eabi/13.3.1/thumb/v7e-m+fp/hard/crtbegin.o

.data           0x20000000      0x988 load address 0x0800d48c
                0x20000000                        . = ALIGN (0x4)
                0x20000000                        _sdata = .
 *(.data)
 *(.data*)
 .data.activities
                0x20000000       0x10 ./Core/Src/main.o
                0x20000000                activities
 .data.SystemCoreClock
                0x20000010        0x4 ./Core/Src/system_stm32l4xx.o
                0x20000010                SystemCoreClock
 .data.uwTickPrio
                0x20000014        0x4 ./Drivers/STM32L4xx_HAL_Driver/Src/stm32l4xx_hal.o
                0x20000014                uwTickPrio
 .data.uwTickFreq
                0x20000018        0x1 ./Drivers/STM32L4xx_HAL_Driver/Src/stm32l4xx_hal.o
                0x20000018                uwTickFreq
 *fill*         0x20000019        0x3 
 .data.input_1_output_array
                0x2000001c       0x10 ./X-CUBE-AI/App/network.o
 .data.conv2d_output_array
                0x2000002c       0x10 ./X-CUBE-AI/App/network.o
 .data.conv2d_1_output_array
                0x2000003c       0x10 ./X-CUBE-AI/App/network.o
 .data.global_max_pooling2d_pool_output_array
                0x2000004c       0x10 ./X-CUBE-AI/App/network.o
 .data.dense_output_array
                0x2000005c       0x10 ./X-CUBE-AI/App/network.o
 .data.activation_output_array
                0x2000006c       0x10 ./X-CUBE-AI/App/network.o
 .data.conv2d_weights_array
                0x2000007c       0x10 ./X-CUBE-AI/App/network.o
 .data.conv2d_bias_array
                0x2000008c       0x10 ./X-CUBE-AI/App/network.o
 .data.conv2d_1_weights_array
                0x2000009c       0x10 ./X-CUBE-AI/App/network.o
 .data.conv2d_1_bias_array
                0x200000ac       0x10 ./X-CUBE-AI/App/network.o
 .data.dense_weights_array
                0x200000bc       0x10 ./X-CUBE-AI/App/network.o
 .data.dense_bias_array
                0x200000cc       0x10 ./X-CUBE-AI/App/network.o
 .data.conv2d_scratch0_array
                0x200000dc       0x10 ./X-CUBE-AI/App/network.o
 .data.conv2d_1_scratch0_array
                0x200000ec       0x10 ./X-CUBE-AI/App/network.o
 .data.__compound_literal.0
                0x200000fc       0x10 ./X-CUBE-AI/App/network.o
 .data.__compound_literal.1
                0x2000010c       0x10 ./X-CUBE-AI/App/network.o
 .data.activation_output
                0x2000011c       0x1c ./X-CUBE-AI/App/network.o
 .data.__compound_literal.2
                0x20000138       0x10 ./X-CUBE-AI/App/network.o
 .data.__compound_literal.3
                0x20000148       0x10 ./X-CUBE-AI/App/network.o
 .data.conv2d_1_bias
                0x20000158       0x1c ./X-CUBE-AI/App/network.o
 .data.__compound_literal.4
                0x20000174       0x10 ./X-CUBE-AI/App/network.o
 .data.__compound_literal.5
                0x20000184       0x10 ./X-CUBE-AI/App/network.o
 .data.conv2d_1_output
                0x20000194       0x1c ./X-CUBE-AI/App/network.o
 .data.__compound_literal.6
                0x200001b0       0x10 ./X-CUBE-AI/App/network.o
 .data.__compound_literal.7
                0x200001c0       0x10 ./X-CUBE-AI/App/network.o
 .data.conv2d_1_scratch0
                0x200001d0       0x1c ./X-CUBE-AI/App/network.o
 .data.__compound_literal.8
                0x200001ec       0x10 ./X-CUBE-AI/App/network.o
 .data.__compound_literal.9
                0x200001fc       0x10 ./X-CUBE-AI/App/network.o
 .data.conv2d_1_weights
                0x2000020c       0x1c ./X-CUBE-AI/App/network.o
 .data.__compound_literal.10
                0x20000228       0x10 ./X-CUBE-AI/App/network.o
 .data.__compound_literal.11
                0x20000238       0x10 ./X-CUBE-AI/App/network.o
 .data.conv2d_bias
                0x20000248       0x1c ./X-CUBE-AI/App/network.o
 .data.__compound_literal.12
                0x20000264       0x10 ./X-CUBE-AI/App/network.o
 .data.__compound_literal.13
                0x20000274       0x10 ./X-CUBE-AI/App/network.o
 .data.conv2d_output
                0x20000284       0x1c ./X-CUBE-AI/App/network.o
 .data.__compound_literal.14
                0x200002a0       0x10 ./X-CUBE-AI/App/network.o
 .data.__compound_literal.15
                0x200002b0       0x10 ./X-CUBE-AI/App/network.o
 .data.conv2d_scratch0
                0x200002c0       0x1c ./X-CUBE-AI/App/network.o
 .data.__compound_literal.16
                0x200002dc       0x10 ./X-CUBE-AI/App/network.o
 .data.__compound_literal.17
                0x200002ec       0x10 ./X-CUBE-AI/App/network.o
 .data.conv2d_weights
                0x200002fc       0x1c ./X-CUBE-AI/App/network.o
 .data.__compound_literal.18
                0x20000318       0x10 ./X-CUBE-AI/App/network.o
 .data.__compound_literal.19
                0x20000328       0x10 ./X-CUBE-AI/App/network.o
 .data.dense_bias
                0x20000338       0x1c ./X-CUBE-AI/App/network.o
 .data.__compound_literal.20
                0x20000354       0x10 ./X-CUBE-AI/App/network.o
 .data.__compound_literal.21
                0x20000364       0x10 ./X-CUBE-AI/App/network.o
 .data.dense_output
                0x20000374       0x1c ./X-CUBE-AI/App/network.o
 .data.__compound_literal.22
                0x20000390       0x10 ./X-CUBE-AI/App/network.o
 .data.__compound_literal.23
                0x200003a0       0x10 ./X-CUBE-AI/App/network.o
 .data.dense_weights
                0x200003b0       0x1c ./X-CUBE-AI/App/network.o
 .data.__compound_literal.24
                0x200003cc       0x10 ./X-CUBE-AI/App/network.o
 .data.__compound_literal.25
                0x200003dc       0x10 ./X-CUBE-AI/App/network.o
 .data.global_max_pooling2d_pool_output
                0x200003ec       0x1c ./X-CUBE-AI/App/network.o
 .data.__compound_literal.26
                0x20000408       0x10 ./X-CUBE-AI/App/network.o
 .data.__compound_literal.27
                0x20000418       0x10 ./X-CUBE-AI/App/network.o
 .data.input_1_output
                0x20000428       0x1c ./X-CUBE-AI/App/network.o
 .data.__compound_literal.28
                0x20000444        0x4 ./X-CUBE-AI/App/network.o
 .data.__compound_literal.29
                0x20000448        0x4 ./X-CUBE-AI/App/network.o
 .data.__compound_literal.32
                0x2000044c       0x30 ./X-CUBE-AI/App/network.o
 .data.activation_layer
                0x2000047c       0x24 ./X-CUBE-AI/App/network.o