../Core/Src/main.c:100:5:main	32	static
../Core/Src/main.c:206:6:SystemClock_Config	96	static
../Core/Src/main.c:257:13:MX_USART1_UART_Init	8	static
../Core/Src/main.c:292:13:MX_GPIO_Init	48	static
../Core/Src/main.c:530:13:MEMS_Init	48	static
../Core/Src/main.c:599:5:_write	24	static
../Core/Src/main.c:609:13:AI_Init	16	static
../Core/Src/main.c:643:13:AI_Run	24	static
../Core/Src/main.c:678:17:argmax	32	static
../Core/Src/main.c:702:6:HAL_GPIO_EXTI_Callback	16	static
../Core/Src/main.c:715:6:Error_Handler	8	static
