../Core/Src/main.c:105:5:main	32	static
../Core/Src/main.c:215:6:SystemClock_Config	96	static
../Core/Src/main.c:266:13:MX_TIM2_Init	40	static
../Core/Src/main.c:311:13:MX_GPIO_Init	48	static
../Core/Src/main.c:527:13:MEMS_Init	48	static
../Core/Src/main.c:596:5:_write	24	static
../Core/Src/main.c:607:13:AI_Init	16	static
../Core/Src/main.c:641:13:AI_Run	24	static
../Core/Src/main.c:676:17:argmax	32	static
../Core/Src/main.c:700:6:HAL_GPIO_EXTI_Callback	16	static
../Core/Src/main.c:713:6:Error_Handler	8	static
